Archive member included to satisfy reference by file (symbol)

d:/mcuxpressoide_10.3.1_2233/ide/plugins/com.nxp.mcuxpresso.tools.win32_10.3.0.201811011841/tools/bin/../lib/gcc/arm-none-eabi/7.3.1/../../../../arm-none-eabi/lib/thumb/v6-m\libcr_nohost_nf.a(_cr__main.o)
                              ./startup/startup_mkl25z4.o (__main)
d:/mcuxpressoide_10.3.1_2233/ide/plugins/com.nxp.mcuxpresso.tools.win32_10.3.0.201811011841/tools/bin/../lib/gcc/arm-none-eabi/7.3.1/../../../../arm-none-eabi/lib/thumb/v6-m\libcr_nohost_nf.a(_cr_assert.o)
                              ./drivers/fsl_clock.o (__assertion_failed)
d:/mcuxpressoide_10.3.1_2233/ide/plugins/com.nxp.mcuxpresso.tools.win32_10.3.0.201811011841/tools/bin/../lib/gcc/arm-none-eabi/7.3.1/../../../../arm-none-eabi/lib/thumb/v6-m\libcr_nohost_nf.a(__ciob.o)
                              d:/mcuxpressoide_10.3.1_2233/ide/plugins/com.nxp.mcuxpresso.tools.win32_10.3.0.201811011841/tools/bin/../lib/gcc/arm-none-eabi/7.3.1/../../../../arm-none-eabi/lib/thumb/v6-m\libcr_nohost_nf.a(_cr_assert.o) (__Ciob)
d:/mcuxpressoide_10.3.1_2233/ide/plugins/com.nxp.mcuxpresso.tools.win32_10.3.0.201811011841/tools/bin/../lib/gcc/arm-none-eabi/7.3.1/../../../../arm-none-eabi/lib/thumb/v6-m\libcr_nohost_nf.a(__sys_appexit.o)
                              d:/mcuxpressoide_10.3.1_2233/ide/plugins/com.nxp.mcuxpresso.tools.win32_10.3.0.201811011841/tools/bin/../lib/gcc/arm-none-eabi/7.3.1/../../../../arm-none-eabi/lib/thumb/v6-m\libcr_nohost_nf.a(_cr_assert.o) (__sys_appexit)
d:/mcuxpressoide_10.3.1_2233/ide/plugins/com.nxp.mcuxpresso.tools.win32_10.3.0.201811011841/tools/bin/../lib/gcc/arm-none-eabi/7.3.1/../../../../arm-none-eabi/lib/thumb/v6-m\libcr_c.a(memcpy.o)
                              ./drivers/fsl_flash.o (memcpy)
d:/mcuxpressoide_10.3.1_2233/ide/plugins/com.nxp.mcuxpresso.tools.win32_10.3.0.201811011841/tools/bin/../lib/gcc/arm-none-eabi/7.3.1/../../../../arm-none-eabi/lib/thumb/v6-m\libcr_c.a(memset.o)
                              ./drivers/fsl_flash.o (memset)
d:/mcuxpressoide_10.3.1_2233/ide/plugins/com.nxp.mcuxpresso.tools.win32_10.3.0.201811011841/tools/bin/../lib/gcc/arm-none-eabi/7.3.1/../../../../arm-none-eabi/lib/thumb/v6-m\libcr_c.a(_deferredlazyseek.o)
                              d:/mcuxpressoide_10.3.1_2233/ide/plugins/com.nxp.mcuxpresso.tools.win32_10.3.0.201811011841/tools/bin/../lib/gcc/arm-none-eabi/7.3.1/../../../../arm-none-eabi/lib/thumb/v6-m\libcr_nohost_nf.a(_cr_assert.o) (__flsbuf)
d:/mcuxpressoide_10.3.1_2233/ide/plugins/com.nxp.mcuxpresso.tools.win32_10.3.0.201811011841/tools/bin/../lib/gcc/arm-none-eabi/7.3.1/../../../../arm-none-eabi/lib/thumb/v6-m\libcr_c.a(_fflush.o)
                              d:/mcuxpressoide_10.3.1_2233/ide/plugins/com.nxp.mcuxpresso.tools.win32_10.3.0.201811011841/tools/bin/../lib/gcc/arm-none-eabi/7.3.1/../../../../arm-none-eabi/lib/thumb/v6-m\libcr_c.a(_deferredlazyseek.o) (_fflush)
d:/mcuxpressoide_10.3.1_2233/ide/plugins/com.nxp.mcuxpresso.tools.win32_10.3.0.201811011841/tools/bin/../lib/gcc/arm-none-eabi/7.3.1/../../../../arm-none-eabi/lib/thumb/v6-m\libcr_c.a(_writebuf.o)
                              d:/mcuxpressoide_10.3.1_2233/ide/plugins/com.nxp.mcuxpresso.tools.win32_10.3.0.201811011841/tools/bin/../lib/gcc/arm-none-eabi/7.3.1/../../../../arm-none-eabi/lib/thumb/v6-m\libcr_c.a(_deferredlazyseek.o) (_Cwritebuf)
d:/mcuxpressoide_10.3.1_2233/ide/plugins/com.nxp.mcuxpresso.tools.win32_10.3.0.201811011841/tools/bin/../lib/gcc/arm-none-eabi/7.3.1/../../../../arm-none-eabi/lib/thumb/v6-m\libcr_c.a(alloc.o)
                              d:/mcuxpressoide_10.3.1_2233/ide/plugins/com.nxp.mcuxpresso.tools.win32_10.3.0.201811011841/tools/bin/../lib/gcc/arm-none-eabi/7.3.1/../../../../arm-none-eabi/lib/thumb/v6-m\libcr_c.a(_deferredlazyseek.o) (_Csys_alloc)
d:/mcuxpressoide_10.3.1_2233/ide/plugins/com.nxp.mcuxpresso.tools.win32_10.3.0.201811011841/tools/bin/../lib/gcc/arm-none-eabi/7.3.1/../../../../arm-none-eabi/lib/thumb/v6-m\libcr_c.a(fputs.o)
                              d:/mcuxpressoide_10.3.1_2233/ide/plugins/com.nxp.mcuxpresso.tools.win32_10.3.0.201811011841/tools/bin/../lib/gcc/arm-none-eabi/7.3.1/../../../../arm-none-eabi/lib/thumb/v6-m\libcr_nohost_nf.a(_cr_assert.o) (fputs)
d:/mcuxpressoide_10.3.1_2233/ide/plugins/com.nxp.mcuxpresso.tools.win32_10.3.0.201811011841/tools/bin/../lib/gcc/arm-none-eabi/7.3.1/../../../../arm-none-eabi/lib/thumb/v6-m\libcr_c.a(fseek.o)
                              d:/mcuxpressoide_10.3.1_2233/ide/plugins/com.nxp.mcuxpresso.tools.win32_10.3.0.201811011841/tools/bin/../lib/gcc/arm-none-eabi/7.3.1/../../../../arm-none-eabi/lib/thumb/v6-m\libcr_c.a(_deferredlazyseek.o) (fseek)
d:/mcuxpressoide_10.3.1_2233/ide/plugins/com.nxp.mcuxpresso.tools.win32_10.3.0.201811011841/tools/bin/../lib/gcc/arm-none-eabi/7.3.1/../../../../arm-none-eabi/lib/thumb/v6-m\libcr_c.a(ftell.o)
[...]
Memory Configuration

Name             Origin             Length             Attributes
PROGRAM_FLASH    0x00000000         0x00020000         xr
SRAM             0x1ffff000         0x00004000         xrw
*default*        0x00000000         0xffffffff

Linker script and memory map

LOAD ./utilities/fsl_debug_console.o
LOAD ./startup/startup_mkl25z4.o
LOAD ./source/CAFETERA FAST LINE.o
LOAD ./source/functions.o
LOAD ./source/mtb.o
LOAD ./source/semihost_hardfault.o
LOAD ./drivers/fsl_clock.o
LOAD ./drivers/fsl_common.o
LOAD ./drivers/fsl_flash.o
LOAD ./drivers/fsl_gpio.o
LOAD ./drivers/fsl_lpsci.o
LOAD ./drivers/fsl_smc.o
LOAD ./drivers/fsl_uart.o
LOAD ./board/board.o
LOAD ./board/clock_config.o
LOAD ./board/peripherals.o
LOAD ./board/pin_mux.o
LOAD ./CMSIS/system_MKL25Z4.o
START GROUP
LOAD d:/mcuxpressoide_10.3.1_2233/ide/plugins/com.nxp.mcuxpresso.tools.win32_10.3.0.201811011841/tools/bin/../lib/gcc/arm-none-eabi/7.3.1/../../../../arm-none-eabi/lib/thumb/v6-m\libcr_nohost_nf.a
LOAD d:/mcuxpressoide_10.3.1_2233/ide/plugins/com.nxp.mcuxpresso.tools.win32_10.3.0.201811011841/tools/bin/../lib/gcc/arm-none-eabi/7.3.1/../../../../arm-none-eabi/lib/thumb/v6-m\libcr_c.a
LOAD d:/mcuxpressoide_10.3.1_2233/ide/plugins/com.nxp.mcuxpresso.tools.win32_10.3.0.201811011841/tools/bin/../lib/gcc/arm-none-eabi/7.3.1/thumb/v6-m\libcr_eabihelpers.a
LOAD d:/mcuxpressoide_10.3.1_2233/ide/plugins/com.nxp.mcuxpresso.tools.win32_10.3.0.201811011841/tools/bin/../lib/gcc/arm-none-eabi/7.3.1/thumb/v6-m\libgcc.a
END GROUP
                0x00000000                __base_PROGRAM_FLASH = 0x0
                0x00000000                __base_Flash = 0x0
                0x00020000                __top_PROGRAM_FLASH = 0x20000
                0x00020000                __top_Flash = 0x20000
                0x1ffff000                __base_SRAM = 0x1ffff000
                0x1ffff000                __base_RAM = 0x1ffff000
                0x20003000                __top_SRAM = 0x20003000
                0x20003000                __top_RAM = 0x20003000

.text           0x00000000     0x573c
 FILL mask 0xff
                0x00000000                __vectors_start__ = ABSOLUTE (.)
 *(SORT_BY_ALIGNMENT(.isr_vector))
 .isr_vector    0x00000000       0xc0 ./startup/startup_mkl25z4.o
                0x00000000                g_pfnVectors
                0x00000000                __Vectors
                0x000000c0                . = ALIGN (0x4)
                0x000000c0                __section_table_start = .
                0x000000c0                __data_section_table = .
                0x000000c0        0x4 LONG 0x573c LOADADDR (.data)
                0x000000c4        0x4 LONG 0x1ffff080 ADDR (.data)
                0x000000c8        0x4 LONG 0x10 SIZEOF (.data)
                0x000000cc                __data_section_table_end = .
                0x000000cc                __bss_section_table = .
                0x000000cc        0x4 LONG 0x1ffff090 ADDR (.bss)
                0x000000d0        0x4 LONG 0xfc SIZEOF (.bss)
                0x000000d4                __bss_section_table_end = .
                0x000000d4                __section_table_end = .
 *(SORT_BY_ALIGNMENT(.after_vectors*))
 .after_vectors.reset
                0x000000d4       0x4c ./startup/startup_mkl25z4.o
                0x000000d4                ResetISR
 .after_vectors.init_data
                0x00000120       0x16 ./startup/startup_mkl25z4.o
                0x00000120                data_init
 .after_vectors.init_bss
                0x00000136       0x12 ./startup/startup_mkl25z4.o
                0x00000136                bss_init
 .after_vectors
                0x00000148      0x10c ./startup/startup_mkl25z4.o
                0x00000148                NMI_Handler
                0x0000014c                SVC_Handler
                0x0000014e                PendSV_Handler
                0x00000150                SysTick_Handler
                0x00000152                LPTMR0_DriverIRQHandler
                0x00000152                Reserved39_DriverIRQHandler
                0x00000152                DMA0_DriverIRQHandler
                0x00000152                SPI1_DriverIRQHandler
                0x00000152                I2C0_DriverIRQHandler
                0x00000152                PORTD_DriverIRQHandler
                0x00000152                DMA2_DriverIRQHandler
                0x00000152                CMP0_DriverIRQHandler
                0x00000152                TPM2_DriverIRQHandler
                0x00000152                ADC0_DriverIRQHandler
                0x00000152                SPI0_DriverIRQHandler
                0x00000152                TSI0_DriverIRQHandler
                0x00000152                RTC_Seconds_DriverIRQHandler
                0x00000152                I2C1_DriverIRQHandler
                0x00000152                DMA1_DriverIRQHandler
                0x00000152                LLWU_DriverIRQHandler
                0x00000152                MCG_DriverIRQHandler
                0x00000152                PIT_DriverIRQHandler
                0x00000152                RTC_DriverIRQHandler
                0x00000152                FTFA_DriverIRQHandler
                0x00000152                IntDefaultHandler
                0x00000152                USB0_DriverIRQHandler
                0x00000152                DAC0_DriverIRQHandler
                0x00000152                TPM1_DriverIRQHandler
                0x00000152                LVD_LVW_DriverIRQHandler
                0x00000152                TPM0_DriverIRQHandler
                0x00000152                PORTA_DriverIRQHandler
                0x00000152                Reserved45_DriverIRQHandler
                0x00000152                Reserved20_DriverIRQHandler
                0x00000152                DMA3_DriverIRQHandler
                0x00000154                DMA0_IRQHandler
                0x0000015c                DMA1_IRQHandler
                0x00000164                DMA2_IRQHandler
                0x0000016c                DMA3_IRQHandler
                0x00000174                Reserved20_IRQHandler
                0x0000017c                FTFA_IRQHandler
                0x00000184                LVD_LVW_IRQHandler
                0x0000018c                LLWU_IRQHandler
                0x00000194                I2C0_IRQHandler
                0x0000019c                I2C1_IRQHandler
                0x000001a4                SPI0_IRQHandler
                0x000001ac                SPI1_IRQHandler
                0x000001b4                UART0_IRQHandler
                0x000001bc                UART1_IRQHandler
                0x000001c4                UART2_IRQHandler
                0x000001d4                CMP0_IRQHandler
                0x000001dc                TPM0_IRQHandler
                0x000001e4                TPM1_IRQHandler
                0x000001ec                TPM2_IRQHandler
                0x000001f4                RTC_IRQHandler
                0x000001fc                RTC_Seconds_IRQHandler
                0x00000204                PIT_IRQHandler
                0x0000020c                Reserved39_IRQHandler
                0x00000214                USB0_IRQHandler
                0x0000021c                DAC0_IRQHandler
                0x00000224                TSI0_IRQHandler
                0x0000022c                MCG_IRQHandler
                0x00000234                LPTMR0_IRQHandler
                0x0000023c                Reserved45_IRQHandler
                0x00000244                PORTA_IRQHandler
                0x0000024c                PORTD_IRQHandler
                0x00000400                . = 0x400
 *fill*         0x00000254      0x1ac ff
                0x00000400                PROVIDE (__FLASH_CONFIG_START__ = .)
 *(SORT_BY_ALIGNMENT(.FlashConfig))
 .FlashConfig   0x00000400       0x10 ./startup/startup_mkl25z4.o
                0x00000400                Flash_Config
                0x00000410                PROVIDE (__FLASH_CONFIG_END__ = .)
                0x00000001                ASSERT (! ((__FLASH_CONFIG_START__ == __FLASH_CONFIG_END__)), Linker Flash Config Support Enabled, but no .FlashConfig section provided within application)
 *(SORT_BY_ALIGNMENT(.text*))
 .text.DbgConsole_Init
                0x00000410       0xf4 ./utilities/fsl_debug_console.o
                0x00000410                DbgConsole_Init
 .text.__sys_write
                0x00000504       0x58 ./utilities/fsl_debug_console.o
                0x00000504                __sys_write
 .text.__sys_readc
                0x0000055c       0x34 ./utilities/fsl_debug_console.o
                0x0000055c                __sys_readc
 .text.main     0x00000590       0xa4 ./source/CAFETERA FAST LINE.o
                0x00000590                main
 .text.ADC0_IRQHandler
                0x00000634       0x3c ./source/CAFETERA FAST LINE.o
                0x00000634                ADC0_IRQHandler
 .text.NVIC_EnableIRQ
                0x00000670       0x2c ./source/functions.o
 .text.config   0x0000069c      0x1cc ./source/functions.o
                0x0000069c                config
 .text.timer    0x00000868      0x104 ./source/functions.o
                0x00000868                timer
 .text.moverTaza
                0x0000096c       0xac ./source/functions.o
                0x0000096c                moverTaza
 .text.tazaATope
                0x00000a18       0x60 ./source/functions.o
                0x00000a18                tazaATope
 .text.HardFault_Handler
                0x00000a78       0x30 ./source/semihost_hardfault.o
                0x00000a78                HardFault_Handler
 .text.CLOCK_SetEr32kClock
                0x00000aa8       0x34 ./drivers/fsl_clock.o
 .text.CLOCK_SetPllFllSelClock
                0x00000adc       0x38 ./drivers/fsl_clock.o
 .text.CLOCK_GetMcgExtClkFreq
                0x00000b14       0x28 ./drivers/fsl_clock.o
 .text.CLOCK_GetFllExtRefClkFreq
                0x00000b3c       0xa4 ./drivers/fsl_clock.o
 .text.CLOCK_GetFllRefClkFreq
                0x00000be0       0x2c ./drivers/fsl_clock.o
 .text.CLOCK_GetOscRangeFromFreq
                0x00000c0c       0x4c ./drivers/fsl_clock.o
 .text.CLOCK_GetPllFllSelClkFreq
                0x00000c58       0x4c ./drivers/fsl_clock.o
                0x00000c58                CLOCK_GetPllFllSelClkFreq
 .text.CLOCK_SetSimConfig
                0x00000ca4       0x38 ./drivers/fsl_clock.o
                0x00000ca4                CLOCK_SetSimConfig
 .text.CLOCK_GetFllFreq
                0x00000cdc       0x84 ./drivers/fsl_clock.o
                0x00000cdc                CLOCK_GetFllFreq
 .text.CLOCK_GetPll0Freq
                0x00000d60       0x70 ./drivers/fsl_clock.o
                0x00000d60                CLOCK_GetPll0Freq
 .text.CLOCK_SetInternalRefClkConfig
                0x00000dd0      0x128 ./drivers/fsl_clock.o
                0x00000dd0                CLOCK_SetInternalRefClkConfig
 .text.CLOCK_EnablePll0
                0x00000ef8       0x90 ./drivers/fsl_clock.o
                0x00000ef8                CLOCK_EnablePll0
 .text.CLOCK_InitOsc0
                0x00000f88       0x94 ./drivers/fsl_clock.o
                0x00000f88                CLOCK_InitOsc0
 .text.CLOCK_SetPbeMode
                0x0000101c       0xb0 ./drivers/fsl_clock.o
                0x0000101c                CLOCK_SetPbeMode
 .text.CLOCK_BootToPeeMode
                0x000010cc       0x70 ./drivers/fsl_clock.o
                0x000010cc                CLOCK_BootToPeeMode
 .text.CLOCK_EnableClock
                0x0000113c       0x34 ./drivers/fsl_lpsci.o
 .text.LPSCI_GetInstance
                0x00001170       0x48 ./drivers/fsl_lpsci.o
                0x00001170                LPSCI_GetInstance
 .text.LPSCI_Init
                0x000011b8      0x260 ./drivers/fsl_lpsci.o
                0x000011b8                LPSCI_Init
 .text.LPSCI_GetDefaultConfig
                0x00001418       0x44 ./drivers/fsl_lpsci.o
                0x00001418                LPSCI_GetDefaultConfig
 .text.LPSCI_ClearStatusFlags
                0x0000145c       0x94 ./drivers/fsl_lpsci.o
                0x0000145c                LPSCI_ClearStatusFlags
 .text.LPSCI_WriteBlocking
                0x000014f0       0x4c ./drivers/fsl_lpsci.o
                0x000014f0                LPSCI_WriteBlocking
 .text.LPSCI_ReadBlocking
                0x0000153c       0xc0 ./drivers/fsl_lpsci.o
                0x0000153c                LPSCI_ReadBlocking
 .text.UART0_DriverIRQHandler
                0x000015fc       0x24 ./drivers/fsl_lpsci.o
                0x000015fc                UART0_DriverIRQHandler
 .text.CLOCK_EnableClock
                0x00001620       0x34 ./drivers/fsl_uart.o
 .text.UART_GetInstance
                0x00001654       0x54 ./drivers/fsl_uart.o
                0x00001654                UART_GetInstance
 .text.UART_Init
                0x000016a8      0x1e8 ./drivers/fsl_uart.o
                0x000016a8                UART_Init
 .text.UART_GetDefaultConfig
                0x00001890       0x44 ./drivers/fsl_uart.o
                0x00001890                UART_GetDefaultConfig
 .text.UART_ReadBlocking
                0x000018d4       0x98 ./drivers/fsl_uart.o
                0x000018d4                UART_ReadBlocking
 .text.UART1_DriverIRQHandler
                0x0000196c       0x24 ./drivers/fsl_uart.o
                0x0000196c                UART1_DriverIRQHandler
 .text.UART2_DriverIRQHandler
                0x00001990       0x24 ./drivers/fsl_uart.o
                0x00001990                UART2_DriverIRQHandler
 .text.CLOCK_SetLpsci0Clock
                0x000019b4       0x38 ./board/board.o
 .text.BOARD_InitDebugConsole
                0x000019ec       0x30 ./board/board.o
                0x000019ec                BOARD_InitDebugConsole
 .text.CLOCK_SetSimSafeDivs
                0x00001a1c       0x20 ./board/clock_config.o
 .text.CLOCK_SetXtal0Freq
                0x00001a3c       0x1c ./board/clock_config.o
 .text.CLOCK_CONFIG_SetFllExtRefDiv
                0x00001a58       0x3c ./board/clock_config.o
 .text.BOARD_BootClockRUN
                0x00001a94       0x64 ./board/clock_config.o
                0x00001a94                BOARD_BootClockRUN
 .text.CLOCK_EnableClock
                0x00001af8       0x34 ./board/pin_mux.o
 .text.PORT_SetPinMux
                0x00001b2c       0x40 ./board/pin_mux.o
 .text.BOARD_InitPins
                0x00001b6c       0x4c ./board/pin_mux.o
                0x00001b6c                BOARD_InitPins
 .text.SystemInit
                0x00001bb8       0x18 ./CMSIS/system_MKL25Z4.o
                0x00001bb8                SystemInit
 .text.__assertion_failed
                0x00001bd0       0x4c d:/mcuxpressoide_10.3.1_2233/ide/plugins/com.nxp.mcuxpresso.tools.win32_10.3.0.201811011841/tools/bin/../lib/gcc/arm-none-eabi/7.3.1/../../../../arm-none-eabi/lib/thumb/v6-m\libcr_nohost_nf.a(_cr_assert.o)
                0x00001bd0                __assertion_failed
 .text._deferredlazyseek
                0x00001c1c       0x40 d:/mcuxpressoide_10.3.1_2233/ide/plugins/com.nxp.mcuxpresso.tools.win32_10.3.0.201811011841/tools/bin/../lib/gcc/arm-none-eabi/7.3.1/../../../../arm-none-eabi/lib/thumb/v6-m\libcr_c.a(_deferredlazyseek.o)
                0x00001c1c                _deferredlazyseek
 .text.__flsbuf
                0x00001c5c      0x14c d:/mcuxpressoide_10.3.1_2233/ide/plugins/com.nxp.mcuxpresso.tools.win32_10.3.0.201811011841/tools/bin/../lib/gcc/arm-none-eabi/7.3.1/../../../../arm-none-eabi/lib/thumb/v6-m\libcr_c.a(_deferredlazyseek.o)
                0x00001c5c                __flsbuf
 .text._fflush  0x00001da8       0x5c d:/mcuxpressoide_10.3.1_2233/ide/plugins/com.nxp.mcuxpresso.tools.win32_10.3.0.201811011841/tools/bin/../lib/gcc/arm-none-eabi/7.3.1/../../../../arm-none-eabi/lib/thumb/v6-m\libcr_c.a(_fflush.o)
                0x00001da8                _fflush
 .text._Cwritebuf
                0x00001e04       0x68 d:/mcuxpressoide_10.3.1_2233/ide/plugins/com.nxp.mcuxpresso.tools.win32_10.3.0.201811011841/tools/bin/../lib/gcc/arm-none-eabi/7.3.1/../../../../arm-none-eabi/lib/thumb/v6-m\libcr_c.a(_writebuf.o)
                0x00001e04                _Cwritebuf
 .text.malloc   0x00001e6c       0xcc d:/mcuxpressoide_10.3.1_2233/ide/plugins/com.nxp.mcuxpresso.tools.win32_10.3.0.201811011841/tools/bin/../lib/gcc/arm-none-eabi/7.3.1/../../../../arm-none-eabi/lib/thumb/v6-m\libcr_c.a(alloc.o)
                0x00001e6c                malloc
 .text._Csys_alloc
                0x00001f38       0x20 d:/mcuxpressoide_10.3.1_2233/ide/plugins/com.nxp.mcuxpresso.tools.win32_10.3.0.201811011841/tools/bin/../lib/gcc/arm-none-eabi/7.3.1/../../../../arm-none-eabi/lib/thumb/v6-m\libcr_c.a(alloc.o)
                0x00001f38                _Csys_alloc
 .text.fseek    0x00001f58       0xf0 d:/mcuxpressoide_10.3.1_2233/ide/plugins/com.nxp.mcuxpresso.tools.win32_10.3.0.201811011841/tools/bin/../lib/gcc/arm-none-eabi/7.3.1/../../../../arm-none-eabi/lib/thumb/v6-m\libcr_c.a(fseek.o)
                0x00001f58                fseek
 .text.ftell    0x00002048       0x48 d:/mcuxpressoide_10.3.1_2233/ide/plugins/com.nxp.mcuxpresso.tools.win32_10.3.0.201811011841/tools/bin/../lib/gcc/arm-none-eabi/7.3.1/../../../../arm-none-eabi/lib/thumb/v6-m\libcr_c.a(ftell.o)
                0x00002048                ftell
 .text._initio  0x00002090       0x7c d:/mcuxpressoide_10.3.1_2233/ide/plugins/com.nxp.mcuxpresso.tools.win32_10.3.0.201811011841/tools/bin/../lib/gcc/arm-none-eabi/7.3.1/../../../../arm-none-eabi/lib/thumb/v6-m\libcr_c.a(initio.o)
                0x00002090                _initio
 .text.__vfprintf
                0x0000210c      0xcb8 d:/mcuxpressoide_10.3.1_2233/ide/plugins/com.nxp.mcuxpresso.tools.win32_10.3.0.201811011841/tools/bin/../lib/gcc/arm-none-eabi/7.3.1/../../../../arm-none-eabi/lib/thumb/v6-m\libcr_c.a(printf.o)
                0x0000210c                __vfprintf
 .text._vsnprintf
                0x00002dc4       0x70 d:/mcuxpressoide_10.3.1_2233/ide/plugins/com.nxp.mcuxpresso.tools.win32_10.3.0.201811011841/tools/bin/../lib/gcc/arm-none-eabi/7.3.1/../../../../arm-none-eabi/lib/thumb/v6-m\libcr_c.a(printf.o)
                0x00002dc4                _vsnprintf
 .text._printf  0x00002e34       0x50 d:/mcuxpressoide_10.3.1_2233/ide/plugins/com.nxp.mcuxpresso.tools.win32_10.3.0.201811011841/tools/bin/../lib/gcc/arm-none-eabi/7.3.1/../../../../arm-none-eabi/lib/thumb/v6-m\libcr_c.a(printf.o)
                0x00002e34                _printf
 .text.ch_val   0x00002e84       0x30 d:/mcuxpressoide_10.3.1_2233/ide/plugins/com.nxp.mcuxpresso.tools.win32_10.3.0.201811011841/tools/bin/../lib/gcc/arm-none-eabi/7.3.1/../../../../arm-none-eabi/lib/thumb/v6-m\libcr_c.a(scanf.o)
 .text.cr_rd_int
                0x00002eb4      0x1c4 d:/mcuxpressoide_10.3.1_2233/ide/plugins/com.nxp.mcuxpresso.tools.win32_10.3.0.201811011841/tools/bin/../lib/gcc/arm-none-eabi/7.3.1/../../../../arm-none-eabi/lib/thumb/v6-m\libcr_c.a(scanf.o)
 .text.vfscanf  0x00003078      0x940 d:/mcuxpressoide_10.3.1_2233/ide/plugins/com.nxp.mcuxpresso.tools.win32_10.3.0.201811011841/tools/bin/../lib/gcc/arm-none-eabi/7.3.1/../../../../arm-none-eabi/lib/thumb/v6-m\libcr_c.a(scanf.o)
                0x00003078                vfscanf
 .text.scanf    0x000039b8       0x1c d:/mcuxpressoide_10.3.1_2233/ide/plugins/com.nxp.mcuxpresso.tools.win32_10.3.0.201811011841/tools/bin/../lib/gcc/arm-none-eabi/7.3.1/../../../../arm-none-eabi/lib/thumb/v6-m\libcr_c.a(scanf.o)
                0x000039b8                scanf
 .text.setvbuf  0x000039d4       0x48 d:/mcuxpressoide_10.3.1_2233/ide/plugins/com.nxp.mcuxpresso.tools.win32_10.3.0.201811011841/tools/bin/../lib/gcc/arm-none-eabi/7.3.1/../../../../arm-none-eabi/lib/thumb/v6-m\libcr_c.a(setvbuf.o)
                0x000039d4                setvbuf
 .text.strlen   0x00003a1c       0x58 d:/mcuxpressoide_10.3.1_2233/ide/plugins/com.nxp.mcuxpresso.tools.win32_10.3.0.201811011841/tools/bin/../lib/gcc/arm-none-eabi/7.3.1/../../../../arm-none-eabi/lib/thumb/v6-m\libcr_c.a(strlen.o)
                0x00003a1c                strlen
 .text.ungetc   0x00003a74       0x38 d:/mcuxpressoide_10.3.1_2233/ide/plugins/com.nxp.mcuxpresso.tools.win32_10.3.0.201811011841/tools/bin/../lib/gcc/arm-none-eabi/7.3.1/../../../../arm-none-eabi/lib/thumb/v6-m\libcr_c.a(ungetc.o)
                0x00003a74                ungetc
 .text.__filbuf
                0x00003aac      0x188 d:/mcuxpressoide_10.3.1_2233/ide/plugins/com.nxp.mcuxpresso.tools.win32_10.3.0.201811011841/tools/bin/../lib/gcc/arm-none-eabi/7.3.1/../../../../arm-none-eabi/lib/thumb/v6-m\libcr_c.a(__fillbuf.o)
                0x00003aac                __filbuf
 .text._sbrk    0x00003c34       0x40 d:/mcuxpressoide_10.3.1_2233/ide/plugins/com.nxp.mcuxpresso.tools.win32_10.3.0.201811011841/tools/bin/../lib/gcc/arm-none-eabi/7.3.1/../../../../arm-none-eabi/lib/thumb/v6-m\libcr_c.a(_cr_sbrk.o)
                0x00003c34                _sbrk
 .text._fdopen  0x00003c74       0x74 d:/mcuxpressoide_10.3.1_2233/ide/plugins/com.nxp.mcuxpresso.tools.win32_10.3.0.201811011841/tools/bin/../lib/gcc/arm-none-eabi/7.3.1/../../../../arm-none-eabi/lib/thumb/v6-m\libcr_c.a(_fdopen.o)
                0x00003c74                _fdopen
 .text._frexpl  0x00003ce8       0x80 d:/mcuxpressoide_10.3.1_2233/ide/plugins/com.nxp.mcuxpresso.tools.win32_10.3.0.201811011841/tools/bin/../lib/gcc/arm-none-eabi/7.3.1/../../../../arm-none-eabi/lib/thumb/v6-m\libcr_c.a(_frexpl.o)
                0x00003ce8                _frexpl
 .text._ldexpl  0x00003d68       0x58 d:/mcuxpressoide_10.3.1_2233/ide/plugins/com.nxp.mcuxpresso.tools.win32_10.3.0.201811011841/tools/bin/../lib/gcc/arm-none-eabi/7.3.1/../../../../arm-none-eabi/lib/thumb/v6-m\libcr_c.a(_ldexpl.o)
                0x00003d68                _ldexpl
 .text.fclose   0x00003dc0       0x5c d:/mcuxpressoide_10.3.1_2233/ide/plugins/com.nxp.mcuxpresso.tools.win32_10.3.0.201811011841/tools/bin/../lib/gcc/arm-none-eabi/7.3.1/../../../../arm-none-eabi/lib/thumb/v6-m\libcr_c.a(fclose.o)
                0x00003dc0                fclose
 .text.fflush   0x00003e1c       0x44 d:/mcuxpressoide_10.3.1_2233/ide/plugins/com.nxp.mcuxpresso.tools.win32_10.3.0.201811011841/tools/bin/../lib/gcc/arm-none-eabi/7.3.1/../../../../arm-none-eabi/lib/thumb/v6-m\libcr_c.a(fflush.o)
                0x00003e1c                fflush
 .text.__check_heap_overflow
                0x00003e60       0x14 d:/mcuxpressoide_10.3.1_2233/ide/plugins/com.nxp.mcuxpresso.tools.win32_10.3.0.201811011841/tools/bin/../lib/gcc/arm-none-eabi/7.3.1/../../../../arm-none-eabi/lib/thumb/v6-m\libcr_c.a(_cr_check_heap.o)
                0x00003e60                __check_heap_overflow
 .text._do_fflush
                0x00003e74       0x44 d:/mcuxpressoide_10.3.1_2233/ide/plugins/com.nxp.mcuxpresso.tools.win32_10.3.0.201811011841/tools/bin/../lib/gcc/arm-none-eabi/7.3.1/../../../../arm-none-eabi/lib/thumb/v6-m\libcr_c.a(_do_fflush.o)
                0x00003e74                _do_fflush
 .text.__aeabi_dmul
                0x00003eb8      0x184 d:/mcuxpressoide_10.3.1_2233/ide/plugins/com.nxp.mcuxpresso.tools.win32_10.3.0.201811011841/tools/bin/../lib/gcc/arm-none-eabi/7.3.1/thumb/v6-m\libcr_eabihelpers.a(double.o)
                0x00003eb8                __aeabi_dmul
 .text.__aeabi_ddiv
                0x0000403c      0x148 d:/mcuxpressoide_10.3.1_2233/ide/plugins/com.nxp.mcuxpresso.tools.win32_10.3.0.201811011841/tools/bin/../lib/gcc/arm-none-eabi/7.3.1/thumb/v6-m\libcr_eabihelpers.a(double.o)
                0x0000403c                __aeabi_ddiv
 .text.__aeabi_dsub
                0x00004184      0x1bc d:/mcuxpressoide_10.3.1_2233/ide/plugins/com.nxp.mcuxpresso.tools.win32_10.3.0.201811011841/tools/bin/../lib/gcc/arm-none-eabi/7.3.1/thumb/v6-m\libcr_eabihelpers.a(double.o)
                0x00004184                __aeabi_dsub
 .text.__aeabi_dadd
                0x00004340      0x128 d:/mcuxpressoide_10.3.1_2233/ide/plugins/com.nxp.mcuxpresso.tools.win32_10.3.0.201811011841/tools/bin/../lib/gcc/arm-none-eabi/7.3.1/thumb/v6-m\libcr_eabihelpers.a(double.o)
                0x00004340                __aeabi_dadd
 .text.__aeabi_d2f
                0x00004468       0x60 d:/mcuxpressoide_10.3.1_2233/ide/plugins/com.nxp.mcuxpresso.tools.win32_10.3.0.201811011841/tools/bin/../lib/gcc/arm-none-eabi/7.3.1/thumb/v6-m\libcr_eabihelpers.a(double.o)
                0x00004468                __aeabi_d2f
 .text.__aeabi_dcmpeq
                0x000044c8       0x30 d:/mcuxpressoide_10.3.1_2233/ide/plugins/com.nxp.mcuxpresso.tools.win32_10.3.0.201811011841/tools/bin/../lib/gcc/arm-none-eabi/7.3.1/thumb/v6-m\libcr_eabihelpers.a(double.o)
                0x000044c8                __aeabi_dcmpeq
 .text.__aeabi_dcmpge
                0x000044f8       0x60 d:/mcuxpressoide_10.3.1_2233/ide/plugins/com.nxp.mcuxpresso.tools.win32_10.3.0.201811011841/tools/bin/../lib/gcc/arm-none-eabi/7.3.1/thumb/v6-m\libcr_eabihelpers.a(double.o)
                0x000044f8                __aeabi_dcmpge
 .text.UART_EnableTx
                0x00004558       0x40 ./utilities/fsl_debug_console.o
 .text.UART_EnableRx
                0x00004598       0x40 ./utilities/fsl_debug_console.o
 .text.LPSCI_EnableTx
                0x000045d8       0x40 ./utilities/fsl_debug_console.o
 .text.LPSCI_EnableRx
                0x00004618       0x40 ./utilities/fsl_debug_console.o
 .text.EnableIRQ
                0x00004658       0x2c ./source/functions.o
 .text.GPIO_ReadPinInput
                0x00004684       0x20 ./source/functions.o
 .text.OSC_SetExtRefClkConfig
                0x000046a4       0x3e ./drivers/fsl_clock.o
 .text.OSC_SetCapLoad
                0x000046e2       0x42 ./drivers/fsl_clock.o
 .text.CLOCK_GetPll0RefFreq
                0x00004724       0x10 ./drivers/fsl_clock.o
 .text.CLOCK_SetExternalRefClkConfig
                0x00004734       0x16 ./drivers/fsl_clock.o
                0x00004734                CLOCK_SetExternalRefClkConfig
 .text.LPSCI_GetStatusFlags
                0x0000474a       0x26 ./drivers/fsl_lpsci.o
                0x0000474a                LPSCI_GetStatusFlags
 .text.UART_GetStatusFlags
                0x00004770       0x26 ./drivers/fsl_uart.o
                0x00004770                UART_GetStatusFlags
 .text.UART_WriteBlocking
                0x00004796       0x3a ./drivers/fsl_uart.o
                0x00004796                UART_WriteBlocking
 .text.BOARD_InitBootClocks
                0x000047d0        0xe ./board/clock_config.o
                0x000047d0                BOARD_InitBootClocks
 .text.BOARD_InitBootPeripherals
                0x000047de        0xa ./board/peripherals.o
                0x000047de                BOARD_InitBootPeripherals
 .text.BOARD_InitBootPins
                0x000047e8        0xe ./board/pin_mux.o
                0x000047e8                BOARD_InitBootPins
 .text.__main   0x000047f6        0xc d:/mcuxpressoide_10.3.1_2233/ide/plugins/com.nxp.mcuxpresso.tools.win32_10.3.0.201811011841/tools/bin/../lib/gcc/arm-none-eabi/7.3.1/../../../../arm-none-eabi/lib/thumb/v6-m\libcr_nohost_nf.a(_cr__main.o)
                0x000047f6                __main
 .text.__sys_appexit
                0x00004802        0x2 d:/mcuxpressoide_10.3.1_2233/ide/plugins/com.nxp.mcuxpresso.tools.win32_10.3.0.201811011841/tools/bin/../lib/gcc/arm-none-eabi/7.3.1/../../../../arm-none-eabi/lib/thumb/v6-m\libcr_nohost_nf.a(__sys_appexit.o)
                0x00004802                __sys_appexit
                0x00004802                __exit
 .text.memset   0x00004804        0x8 d:/mcuxpressoide_10.3.1_2233/ide/plugins/com.nxp.mcuxpresso.tools.win32_10.3.0.201811011841/tools/bin/../lib/gcc/arm-none-eabi/7.3.1/../../../../arm-none-eabi/lib/thumb/v6-m\libcr_c.a(memset.o)
                0x00004804                memset
 .text.free     0x0000480c       0x2c d:/mcuxpressoide_10.3.1_2233/ide/plugins/com.nxp.mcuxpresso.tools.win32_10.3.0.201811011841/tools/bin/../lib/gcc/arm-none-eabi/7.3.1/../../../../arm-none-eabi/lib/thumb/v6-m\libcr_c.a(alloc.o)
                0x0000480c                free
 .text.fputs    0x00004838       0x2e d:/mcuxpressoide_10.3.1_2233/ide/plugins/com.nxp.mcuxpresso.tools.win32_10.3.0.201811011841/tools/bin/../lib/gcc/arm-none-eabi/7.3.1/../../../../arm-none-eabi/lib/thumb/v6-m\libcr_c.a(fputs.o)
                0x00004838                fputs
 .text.no_fp_display
                0x00004866        0x4 d:/mcuxpressoide_10.3.1_2233/ide/plugins/com.nxp.mcuxpresso.tools.win32_10.3.0.201811011841/tools/bin/../lib/gcc/arm-none-eabi/7.3.1/../../../../arm-none-eabi/lib/thumb/v6-m\libcr_c.a(printf.o)
 .text._Csys_read_
                0x0000486a       0x24 d:/mcuxpressoide_10.3.1_2233/ide/plugins/com.nxp.mcuxpresso.tools.win32_10.3.0.201811011841/tools/bin/../lib/gcc/arm-none-eabi/7.3.1/../../../../arm-none-eabi/lib/thumb/v6-m\libcr_c.a(__fillbuf.o)
                0x0000486a                _Csys_read_
 .text.remove   0x0000488e       0x12 d:/mcuxpressoide_10.3.1_2233/ide/plugins/com.nxp.mcuxpresso.tools.win32_10.3.0.201811011841/tools/bin/../lib/gcc/arm-none-eabi/7.3.1/../../../../arm-none-eabi/lib/thumb/v6-m\libcr_c.a(remove.o)
                0x0000488e                remove
 .text.__aeabi_division_idivmod
                0x000048a0       0x78 d:/mcuxpressoide_10.3.1_2233/ide/plugins/com.nxp.mcuxpresso.tools.win32_10.3.0.201811011841/tools/bin/../lib/gcc/arm-none-eabi/7.3.1/thumb/v6-m\libcr_eabihelpers.a(division_32.o)
                0x000048a0                __aeabi_idivmod
                0x000048a0                __aeabi_idiv
                0x000048a6                __aeabi_uidivmod
                0x000048a6                __aeabi_uidiv
 .text.__aeabi_division_idiv0
                0x00004918        0x2 d:/mcuxpressoide_10.3.1_2233/ide/plugins/com.nxp.mcuxpresso.tools.win32_10.3.0.201811011841/tools/bin/../lib/gcc/arm-none-eabi/7.3.1/thumb/v6-m\libcr_eabihelpers.a(division_idiv0.o)
                0x00004918                __aeabi_idiv0
 .text.__bhs_ui2d
                0x0000491a       0x5e d:/mcuxpressoide_10.3.1_2233/ide/plugins/com.nxp.mcuxpresso.tools.win32_10.3.0.201811011841/tools/bin/../lib/gcc/arm-none-eabi/7.3.1/thumb/v6-m\libcr_eabihelpers.a(double.o)
                0x0000491a                __bhs_ui2d
 .text.__aeabi_i2d
                0x00004978       0x18 d:/mcuxpressoide_10.3.1_2233/ide/plugins/com.nxp.mcuxpresso.tools.win32_10.3.0.201811011841/tools/bin/../lib/gcc/arm-none-eabi/7.3.1/thumb/v6-m\libcr_eabihelpers.a(double.o)
                0x00004978                __aeabi_i2d
 .text.__aeabi_llong_lmul
                0x00004990       0x2e d:/mcuxpressoide_10.3.1_2233/ide/plugins/com.nxp.mcuxpresso.tools.win32_10.3.0.201811011841/tools/bin/../lib/gcc/arm-none-eabi/7.3.1/thumb/v6-m\libcr_eabihelpers.a(llong.o)
                0x00004990                __aeabi_lmul
 .text.__aeabi_memset_lowlevel
                0x000049be       0x2a d:/mcuxpressoide_10.3.1_2233/ide/plugins/com.nxp.mcuxpresso.tools.win32_10.3.0.201811011841/tools/bin/../lib/gcc/arm-none-eabi/7.3.1/thumb/v6-m\libcr_eabihelpers.a(memcpy.o)
                0x000049be                __aeabi_lowlevel_memset
 .text.__sys_close
                0x000049e8        0x6 d:/mcuxpressoide_10.3.1_2233/ide/plugins/com.nxp.mcuxpresso.tools.win32_10.3.0.201811011841/tools/bin/../lib/gcc/arm-none-eabi/7.3.1/../../../../arm-none-eabi/lib/thumb/v6-m\libcr_nohost_nf.a(__sys_close.o)
                0x000049e8                __sys_close
 .text.__sys_flen
                0x000049ee        0x6 d:/mcuxpressoide_10.3.1_2233/ide/plugins/com.nxp.mcuxpresso.tools.win32_10.3.0.201811011841/tools/bin/../lib/gcc/arm-none-eabi/7.3.1/../../../../arm-none-eabi/lib/thumb/v6-m\libcr_nohost_nf.a(__sys_flen.o)
                0x000049ee                __sys_flen
 .text.__sys_istty
                0x000049f4        0x6 d:/mcuxpressoide_10.3.1_2233/ide/plugins/com.nxp.mcuxpresso.tools.win32_10.3.0.201811011841/tools/bin/../lib/gcc/arm-none-eabi/7.3.1/../../../../arm-none-eabi/lib/thumb/v6-m\libcr_nohost_nf.a(__sys_istty.o)
                0x000049f4                __sys_istty
 .text.__sys_read
                0x000049fa        0x4 d:/mcuxpressoide_10.3.1_2233/ide/plugins/com.nxp.mcuxpresso.tools.win32_10.3.0.201811011841/tools/bin/../lib/gcc/arm-none-eabi/7.3.1/../../../../arm-none-eabi/lib/thumb/v6-m\libcr_nohost_nf.a(__sys_read.o)
                0x000049fa                __sys_read
 .text.__sys_remove
                0x000049fe        0x6 d:/mcuxpressoide_10.3.1_2233/ide/plugins/com.nxp.mcuxpresso.tools.win32_10.3.0.201811011841/tools/bin/../lib/gcc/arm-none-eabi/7.3.1/../../../../arm-none-eabi/lib/thumb/v6-m\libcr_nohost_nf.a(__sys_remove.o)
                0x000049fe                __sys_remove
 .text.__sys_seek
                0x00004a04        0x6 d:/mcuxpressoide_10.3.1_2233/ide/plugins/com.nxp.mcuxpresso.tools.win32_10.3.0.201811011841/tools/bin/../lib/gcc/arm-none-eabi/7.3.1/../../../../arm-none-eabi/lib/thumb/v6-m\libcr_nohost_nf.a(__sys_seek.o)
                0x00004a04                __sys_seek
 .text.__sys_tmpnam
                0x00004a0a        0x6 d:/mcuxpressoide_10.3.1_2233/ide/plugins/com.nxp.mcuxpresso.tools.win32_10.3.0.201811011841/tools/bin/../lib/gcc/arm-none-eabi/7.3.1/../../../../arm-none-eabi/lib/thumb/v6-m\libcr_nohost_nf.a(__sys_tmpnam.o)
                0x00004a0a                __sys_tmpnam
 *(SORT_BY_ALIGNMENT(.rodata) SORT_BY_ALIGNMENT(.rodata.*) SORT_BY_ALIGNMENT(.constdata) SORT_BY_ALIGNMENT(.constdata.*))
 .rodata.__huge_vall
                0x00004a10        0x8 d:/mcuxpressoide_10.3.1_2233/ide/plugins/com.nxp.mcuxpresso.tools.win32_10.3.0.201811011841/tools/bin/../lib/gcc/arm-none-eabi/7.3.1/../../../../arm-none-eabi/lib/thumb/v6-m\libcr_c.a(_hugeval.o)
                0x00004a10                __huge_vall
 .rodata        0x00004a18       0x72 ./source/CAFETERA FAST LINE.o
 *fill*         0x00004a8a        0x2 ff
 .rodata        0x00004a8c       0x75 ./source/functions.o
 *fill*         0x00004b01        0x3 ff
 .rodata        0x00004b04      0x11d ./drivers/fsl_clock.o
 *fill*         0x00004c21        0x3 ff
 .rodata.fllFactorTable.5188
                0x00004c24       0x10 ./drivers/fsl_clock.o
 .rodata        0x00004c34      0x48c ./drivers/fsl_lpsci.o
 .rodata.s_uartBases
                0x000050c0        0xc ./drivers/fsl_uart.o
 .rodata.s_uartClock
                0x000050cc        0xc ./drivers/fsl_uart.o
 .rodata        0x000050d8      0x45b ./drivers/fsl_uart.o
 *fill*         0x00005533        0x1 ff
 .rodata.mcgConfig_BOARD_BootClockRUN
                0x00005534        0xa ./board/clock_config.o
                0x00005534                mcgConfig_BOARD_BootClockRUN
 *fill*         0x0000553e        0x2 ff
 .rodata.simConfig_BOARD_BootClockRUN
                0x00005540        0x8 ./board/clock_config.o
                0x00005540                simConfig_BOARD_BootClockRUN
 .rodata.oscConfig_BOARD_BootClockRUN
                0x00005548        0x8 ./board/clock_config.o
                0x00005548                oscConfig_BOARD_BootClockRUN
 .rodata.__num_Ciob_streams
                0x00005550        0x4 d:/mcuxpressoide_10.3.1_2233/ide/plugins/com.nxp.mcuxpresso.tools.win32_10.3.0.201811011841/tools/bin/../lib/gcc/arm-none-eabi/7.3.1/../../../../arm-none-eabi/lib/thumb/v6-m\libcr_nohost_nf.a(__ciob.o)
                0x00005550                __num_Ciob_streams
 .rodata.__assertion_failed.str1.1
                0x00005554       0x15 d:/mcuxpressoide_10.3.1_2233/ide/plugins/com.nxp.mcuxpresso.tools.win32_10.3.0.201811011841/tools/bin/../lib/gcc/arm-none-eabi/7.3.1/../../../../arm-none-eabi/lib/thumb/v6-m\libcr_nohost_nf.a(_cr_assert.o)
 .rodata._Csys_alloc.str1.1
                0x00005569       0x18 d:/mcuxpressoide_10.3.1_2233/ide/plugins/com.nxp.mcuxpresso.tools.win32_10.3.0.201811011841/tools/bin/../lib/gcc/arm-none-eabi/7.3.1/../../../../arm-none-eabi/lib/thumb/v6-m\libcr_c.a(alloc.o)
 .rodata._initio.str1.1
                0x00005581        0x4 d:/mcuxpressoide_10.3.1_2233/ide/plugins/com.nxp.mcuxpresso.tools.win32_10.3.0.201811011841/tools/bin/../lib/gcc/arm-none-eabi/7.3.1/../../../../arm-none-eabi/lib/thumb/v6-m\libcr_c.a(initio.o)
 .rodata.__vfprintf.str1.1
                0x00005585       0x35 d:/mcuxpressoide_10.3.1_2233/ide/plugins/com.nxp.mcuxpresso.tools.win32_10.3.0.201811011841/tools/bin/../lib/gcc/arm-none-eabi/7.3.1/../../../../arm-none-eabi/lib/thumb/v6-m\libcr_c.a(printf.o)
                                 0x38 (size before relaxing)
 .rodata.__ctype
                0x000055ba      0x180 d:/mcuxpressoide_10.3.1_2233/ide/plugins/com.nxp.mcuxpresso.tools.win32_10.3.0.201811011841/tools/bin/../lib/gcc/arm-none-eabi/7.3.1/../../../../arm-none-eabi/lib/thumb/v6-m\libcr_c.a(ctype.o)
                0x000055ba                __ctype
                0x0000573c                . = ALIGN (0x4)
 *fill*         0x0000573a        0x2 ff

.glue_7         0x0000573c        0x0
 .glue_7        0x0000573c        0x0 linker stubs

.glue_7t        0x0000573c        0x0
 .glue_7t       0x0000573c        0x0 linker stubs

.vfp11_veneer   0x0000573c        0x0
 .vfp11_veneer  0x0000573c        0x0 linker stubs

.v4_bx          0x0000573c        0x0
 .v4_bx         0x0000573c        0x0 linker stubs

.iplt           0x0000573c        0x0
 .iplt          0x0000573c        0x0 ./utilities/fsl_debug_console.o

.rel.dyn        0x0000573c        0x0
 .rel.iplt      0x0000573c        0x0 ./utilities/fsl_debug_console.o

.ARM.extab
 *(SORT_BY_ALIGNMENT(.ARM.extab*) SORT_BY_ALIGNMENT(.gnu.linkonce.armextab.*))
                0x0000573c                __exidx_start = .

.ARM.exidx
 *(SORT_BY_ALIGNMENT(.ARM.exidx*) SORT_BY_ALIGNMENT(.gnu.linkonce.armexidx.*))
                0x0000573c                __exidx_end = .
                0x0000573c                _etext = .

.m_usb_data
 *(SORT_BY_ALIGNMENT(m_usb_bdt))

.mtb_buffer_default
                0x1ffff000       0x80
 *(SORT_BY_ALIGNMENT(.mtb*))
 .mtb.$RAM1     0x1ffff000       0x80 ./source/mtb.o
                0x1ffff000                __mtb_buffer__

.uninit_RESERVED
                0x1ffff080        0x0
 *(SORT_BY_ALIGNMENT(.bss.$RESERVED*))
                0x1ffff080                . = ALIGN (0x4)
                0x1ffff080                _end_uninit_RESERVED = .

.data           0x1ffff080       0x10 load address 0x0000573c
 FILL mask 0xff
                0x1ffff080                _data = .
 *(SORT_BY_ALIGNMENT(vtable))
 *(SORT_BY_ALIGNMENT(.ramfunc*))
 *(SORT_BY_ALIGNMENT(.data*))
 .data.s_slowIrcFreq
                0x1ffff080        0x4 ./drivers/fsl_clock.o
 .data.SystemCoreClock
                0x1ffff084        0x4 ./CMSIS/system_MKL25Z4.o
                0x1ffff084                SystemCoreClock
 .data.neginf.4365
                0x1ffff088        0x4 d:/mcuxpressoide_10.3.1_2233/ide/plugins/com.nxp.mcuxpresso.tools.win32_10.3.0.201811011841/tools/bin/../lib/gcc/arm-none-eabi/7.3.1/../../../../arm-none-eabi/lib/thumb/v6-m\libcr_c.a(scanf.o)
 .data.posinf.4364
                0x1ffff08c        0x4 d:/mcuxpressoide_10.3.1_2233/ide/plugins/com.nxp.mcuxpresso.tools.win32_10.3.0.201811011841/tools/bin/../lib/gcc/arm-none-eabi/7.3.1/../../../../arm-none-eabi/lib/thumb/v6-m\libcr_c.a(scanf.o)
                0x1ffff090                . = ALIGN (0x4)
                0x1ffff090                _edata = .

.igot.plt       0x1ffff090        0x0 load address 0x0000574c
 .igot.plt      0x1ffff090        0x0 ./utilities/fsl_debug_console.o

.bss            0x1ffff090       0xfc load address 0x0000574c
                0x1ffff090                _bss = .
 *(SORT_BY_ALIGNMENT(.bss*))
 .bss.s_debugConsole
                0x1ffff090       0x10 ./utilities/fsl_debug_console.o
 .bss.menu      0x1ffff0a0        0x4 ./source/CAFETERA FAST LINE.o
                0x1ffff0a0                menu
 .bss.banderaADC
                0x1ffff0a4        0x4 ./source/CAFETERA FAST LINE.o
                0x1ffff0a4                banderaADC
 .bss.temperaturaADC
                0x1ffff0a8        0x4 ./source/CAFETERA FAST LINE.o
                0x1ffff0a8                temperaturaADC
 .bss.posicionTaza
                0x1ffff0ac        0x4 ./source/CAFETERA FAST LINE.o
                0x1ffff0ac                posicionTaza
 .bss.g_xtal0Freq
                0x1ffff0b0        0x4 ./drivers/fsl_clock.o
                0x1ffff0b0                g_xtal0Freq
 .bss.s_lpsciHandle
                0x1ffff0b4        0x4 ./drivers/fsl_lpsci.o
 .bss.s_lpsciIsr
                0x1ffff0b8        0x4 ./drivers/fsl_lpsci.o
 .bss.s_uartHandle
                0x1ffff0bc        0xc ./drivers/fsl_uart.o
 .bss.s_uartIsr
                0x1ffff0c8        0x4 ./drivers/fsl_uart.o
 .bss.__Ciob    0x1ffff0cc       0xb4 d:/mcuxpressoide_10.3.1_2233/ide/plugins/com.nxp.mcuxpresso.tools.win32_10.3.0.201811011841/tools/bin/../lib/gcc/arm-none-eabi/7.3.1/../../../../arm-none-eabi/lib/thumb/v6-m\libcr_nohost_nf.a(__ciob.o)
                0x1ffff0cc                __Ciob
 .bss.__end_of_heap
                0x1ffff180        0x4 d:/mcuxpressoide_10.3.1_2233/ide/plugins/com.nxp.mcuxpresso.tools.win32_10.3.0.201811011841/tools/bin/../lib/gcc/arm-none-eabi/7.3.1/../../../../arm-none-eabi/lib/thumb/v6-m\libcr_c.a(__init_alloc.o)
                0x1ffff180                __end_of_heap
 .bss.__heaps   0x1ffff184        0x4 d:/mcuxpressoide_10.3.1_2233/ide/plugins/com.nxp.mcuxpresso.tools.win32_10.3.0.201811011841/tools/bin/../lib/gcc/arm-none-eabi/7.3.1/../../../../arm-none-eabi/lib/thumb/v6-m\libcr_c.a(__init_alloc.o)
                0x1ffff184                __heaps
 .bss.errno     0x1ffff188        0x4 d:/mcuxpressoide_10.3.1_2233/ide/plugins/com.nxp.mcuxpresso.tools.win32_10.3.0.201811011841/tools/bin/../lib/gcc/arm-none-eabi/7.3.1/../../../../arm-none-eabi/lib/thumb/v6-m\libcr_c.a(errno.o)
                0x1ffff188                errno
 *(SORT_BY_ALIGNMENT(COMMON))
                0x1ffff18c                . = ALIGN (0x4)
                0x1ffff18c                _ebss = .
                [!provide]                PROVIDE (end = .)

.noinit         0x1ffff18c        0x0 load address 0x0000574c
                0x1ffff18c                _noinit = .
 *(SORT_BY_ALIGNMENT(.noinit*))
                0x1ffff18c                . = ALIGN (0x4)
                0x1ffff18c                _end_noinit = .
                0x00000400                _HeapSize = 0x400

.heap           0x1ffff18c      0x400 load address 0x0000574c
                0x1ffff18c                _pvHeapStart = .
                0x1ffff58c                . = (. + _HeapSize)
 *fill*         0x1ffff18c      0x400 
                0x1ffff58c                . = ALIGN (0x4)
                0x1ffff58c                _pvHeapLimit = .
                0x00000400                _StackSize = 0x400

.heap2stackfill
                0x1ffff58c      0x400 load address 0x0000574c
                0x1ffff98c                . = (. + _StackSize)
 *fill*         0x1ffff58c      0x400 

.stack          0x20002c00        0x0
                0x20002c00                _vStackBase = .
                0x20002c00                . = ALIGN (0x4)
                0x20003000                _vStackTop = (. + _StackSize)
                0x00000000                _image_start = LOADADDR (.text)
                0x0000574c                _image_end = (LOADADDR (.data) + SIZEOF (.data))
                0x0000574c                _image_size = (_image_end - _image_start)
OUTPUT(CAFETERA FAST LINE.axf elf32-littlearm)

.debug_info     0x00000000     0x831b
 .debug_info    0x00000000      0x9dd ./utilities/fsl_debug_console.o
 .debug_info    0x000009dd      0x49b ./startup/startup_mkl25z4.o
 .debug_info    0x00000e78      0x8b3 ./source/CAFETERA FAST LINE.o
 .debug_info    0x0000172b      0xf8c ./source/functions.o
 .debug_info    0x000026b7       0x52 ./source/mtb.o
 .debug_info    0x00002709       0x3b ./source/semihost_hardfault.o
 .debug_info    0x00002744     0x1962 ./drivers/fsl_clock.o
 .debug_info    0x000040a6     0x138c ./drivers/fsl_lpsci.o
 .debug_info    0x00005432     0x1336 ./drivers/fsl_uart.o
 .debug_info    0x00006768      0x795 ./board/board.o
 .debug_info    0x00006efd      0xa7b ./board/clock_config.o
 .debug_info    0x00007978       0x3b ./board/peripherals.o
 .debug_info    0x000079b3      0x56a ./board/pin_mux.o
 .debug_info    0x00007f1d      0x3fe ./CMSIS/system_MKL25Z4.o

.debug_abbrev   0x00000000     0x1773
 .debug_abbrev  0x00000000      0x202 ./utilities/fsl_debug_console.o
 .debug_abbrev  0x00000202      0x16d ./startup/startup_mkl25z4.o
 .debug_abbrev  0x0000036f      0x168 ./source/CAFETERA FAST LINE.o
 .debug_abbrev  0x000004d7      0x2d1 ./source/functions.o
 .debug_abbrev  0x000007a8       0x44 ./source/mtb.o
 .debug_abbrev  0x000007ec       0x2f ./source/semihost_hardfault.o
 .debug_abbrev  0x0000081b      0x329 ./drivers/fsl_clock.o
 .debug_abbrev  0x00000b44      0x2cd ./drivers/fsl_lpsci.o
 .debug_abbrev  0x00000e11      0x2e5 ./drivers/fsl_uart.o
 .debug_abbrev  0x000010f6      0x185 ./board/board.o
 .debug_abbrev  0x0000127b      0x1f4 ./board/clock_config.o
 .debug_abbrev  0x0000146f       0x2f ./board/peripherals.o
 .debug_abbrev  0x0000149e      0x199 ./board/pin_mux.o
 .debug_abbrev  0x00001637      0x13c ./CMSIS/system_MKL25Z4.o

.debug_aranges  0x00000000      0x7e0
 .debug_aranges
                0x00000000       0x58 ./utilities/fsl_debug_console.o
 .debug_aranges
                0x00000058      0x160 ./startup/startup_mkl25z4.o
 .debug_aranges
                0x000001b8       0x28 ./source/CAFETERA FAST LINE.o
 .debug_aranges
                0x000001e0       0xa8 ./source/functions.o
 .debug_aranges
                0x00000288       0x18 ./source/mtb.o
 .debug_aranges
                0x000002a0       0x20 ./source/semihost_hardfault.o
 .debug_aranges
                0x000002c0      0x1d8 ./drivers/fsl_clock.o
 .debug_aranges
                0x00000498      0x118 ./drivers/fsl_lpsci.o
 .debug_aranges
                0x000005b0      0x130 ./drivers/fsl_uart.o
 .debug_aranges
                0x000006e0       0x28 ./board/board.o
 .debug_aranges
                0x00000708       0x58 ./board/clock_config.o
 .debug_aranges
                0x00000760       0x20 ./board/peripherals.o
 .debug_aranges
                0x00000780       0x38 ./board/pin_mux.o
 .debug_aranges
                0x000007b8       0x28 ./CMSIS/system_MKL25Z4.o

.debug_ranges   0x00000000      0x6f8
 .debug_ranges  0x00000000       0x48 ./utilities/fsl_debug_console.o
 .debug_ranges  0x00000048      0x150 ./startup/startup_mkl25z4.o
 .debug_ranges  0x00000198       0x18 ./source/CAFETERA FAST LINE.o
 .debug_ranges  0x000001b0       0x98 ./source/functions.o
 .debug_ranges  0x00000248       0x10 ./source/semihost_hardfault.o
 .debug_ranges  0x00000258      0x1c8 ./drivers/fsl_clock.o
 .debug_ranges  0x00000420      0x108 ./drivers/fsl_lpsci.o
 .debug_ranges  0x00000528      0x120 ./drivers/fsl_uart.o
 .debug_ranges  0x00000648       0x18 ./board/board.o
 .debug_ranges  0x00000660       0x48 ./board/clock_config.o
 .debug_ranges  0x000006a8       0x10 ./board/peripherals.o
 .debug_ranges  0x000006b8       0x28 ./board/pin_mux.o
 .debug_ranges  0x000006e0       0x18 ./CMSIS/system_MKL25Z4.o

.debug_macro    0x00000000     0x8d97
 .debug_macro   0x00000000      0x13a ./utilities/fsl_debug_console.o
 .debug_macro   0x0000013a      0xa84 ./utilities/fsl_debug_console.o
 .debug_macro   0x00000bbe       0x10 ./utilities/fsl_debug_console.o
 .debug_macro   0x00000bce       0x16 ./utilities/fsl_debug_console.o
 .debug_macro   0x00000be4       0x10 ./utilities/fsl_debug_console.o
 .debug_macro   0x00000bf4      0x12d ./utilities/fsl_debug_console.o
 .debug_macro   0x00000d21       0x28 ./utilities/fsl_debug_console.o
 .debug_macro   0x00000d49       0xc4 ./utilities/fsl_debug_console.o
 .debug_macro   0x00000e0d       0x16 ./utilities/fsl_debug_console.o
 .debug_macro   0x00000e23       0x22 ./utilities/fsl_debug_console.o
 .debug_macro   0x00000e45      0x5b2 ./utilities/fsl_debug_console.o
 .debug_macro   0x000013f7       0x10 ./utilities/fsl_debug_console.o
 .debug_macro   0x00001407       0x3f ./utilities/fsl_debug_console.o
 .debug_macro   0x00001446       0x3a ./utilities/fsl_debug_console.o
 .debug_macro   0x00001480       0x26 ./utilities/fsl_debug_console.o
 .debug_macro   0x000014a6      0x329 ./utilities/fsl_debug_console.o
 .debug_macro   0x000017cf       0x30 ./utilities/fsl_debug_console.o
 .debug_macro   0x000017ff     0x51e2 ./utilities/fsl_debug_console.o
 .debug_macro   0x000069e1     0x1352 ./utilities/fsl_debug_console.o
 .debug_macro   0x00007d33       0x3a ./utilities/fsl_debug_console.o
 .debug_macro   0x00007d6d       0xf4 ./utilities/fsl_debug_console.o
 .debug_macro   0x00007e61       0x35 ./utilities/fsl_debug_console.o
 .debug_macro   0x00007e96       0xd2 ./utilities/fsl_debug_console.o
 .debug_macro   0x00007f68       0x2e ./utilities/fsl_debug_console.o
 .debug_macro   0x00007f96       0x10 ./utilities/fsl_debug_console.o
 .debug_macro   0x00007fa6       0x10 ./utilities/fsl_debug_console.o
 .debug_macro   0x00007fb6       0x29 ./startup/startup_mkl25z4.o
 .debug_macro   0x00007fdf      0x144 ./source/CAFETERA FAST LINE.o
 .debug_macro   0x00008123       0xd8 ./source/CAFETERA FAST LINE.o
 .debug_macro   0x000081fb       0x16 ./source/CAFETERA FAST LINE.o
 .debug_macro   0x00008211       0x10 ./source/CAFETERA FAST LINE.o
 .debug_macro   0x00008221      0x112 ./source/CAFETERA FAST LINE.o
 .debug_macro   0x00008333       0x34 ./source/CAFETERA FAST LINE.o
 .debug_macro   0x00008367       0x76 ./source/CAFETERA FAST LINE.o
 .debug_macro   0x000083dd      0x144 ./source/functions.o
 .debug_macro   0x00008521       0x2f ./source/mtb.o
 .debug_macro   0x00008550       0x82 ./source/mtb.o
 .debug_macro   0x000085d2       0x10 ./source/mtb.o
 .debug_macro   0x000085e2       0x11 ./source/semihost_hardfault.o
 .debug_macro   0x000085f3      0x196 ./drivers/fsl_clock.o
 .debug_macro   0x00008789       0x1c ./drivers/fsl_clock.o
 .debug_macro   0x000087a5       0xec ./drivers/fsl_lpsci.o
 .debug_macro   0x00008891       0xf2 ./drivers/fsl_uart.o
 .debug_macro   0x00008983      0x12b ./board/board.o
 .debug_macro   0x00008aae      0x123 ./board/clock_config.o
 .debug_macro   0x00008bd1       0x1b ./board/peripherals.o
 .debug_macro   0x00008bec      0x107 ./board/pin_mux.o
 .debug_macro   0x00008cf3       0x10 ./board/pin_mux.o
 .debug_macro   0x00008d03       0x94 ./CMSIS/system_MKL25Z4.o

.debug_line     0x00000000     0x333b
 .debug_line    0x00000000      0x39b ./utilities/fsl_debug_console.o
 .debug_line    0x0000039b      0x128 ./startup/startup_mkl25z4.o
 .debug_line    0x000004c3      0x31e ./source/CAFETERA FAST LINE.o
 .debug_line    0x000007e1      0x5f3 ./source/functions.o
 .debug_line    0x00000dd4       0xcd ./source/mtb.o
 .debug_line    0x00000ea1       0x54 ./source/semihost_hardfault.o
 .debug_line    0x00000ef5      0x9dd ./drivers/fsl_clock.o
 .debug_line    0x000018d2      0x78d ./drivers/fsl_lpsci.o
 .debug_line    0x0000205f      0x790 ./drivers/fsl_uart.o
 .debug_line    0x000027ef      0x2c7 ./board/board.o
 .debug_line    0x00002ab6      0x31d ./board/clock_config.o
 .debug_line    0x00002dd3       0x58 ./board/peripherals.o
 .debug_line    0x00002e2b      0x2b8 ./board/pin_mux.o
 .debug_line    0x000030e3      0x258 ./CMSIS/system_MKL25Z4.o

.debug_str      0x00000000    0x35f6d
 .debug_str     0x00000000    0x3151a ./utilities/fsl_debug_console.o
                              0x31791 (size before relaxing)
 .debug_str     0x0003151a      0x3d2 ./startup/startup_mkl25z4.o
                               0x313e (size before relaxing)
 .debug_str     0x000318ec     0x10d5 ./source/CAFETERA FAST LINE.o
                              0x31dcd (size before relaxing)
 .debug_str     0x000329c1      0x43f ./source/functions.o
                              0x31d98 (size before relaxing)
 .debug_str     0x00032e00      0x532 ./source/mtb.o
                               0x324a (size before relaxing)
 .debug_str     0x00033332       0x1f ./source/semihost_hardfault.o
                               0x2d37 (size before relaxing)
 .debug_str     0x00033351     0x14d7 ./drivers/fsl_clock.o
                              0x32245 (size before relaxing)
 .debug_str     0x00034828      0x966 ./drivers/fsl_lpsci.o
                              0x3184d (size before relaxing)
 .debug_str     0x0003518e      0x832 ./drivers/fsl_uart.o
                              0x31870 (size before relaxing)
 .debug_str     0x000359c0       0x4c ./board/board.o
                              0x316bd (size before relaxing)
 .debug_str     0x00035a0c      0x300 ./board/clock_config.o
                              0x31173 (size before relaxing)
 .debug_str     0x00035d0c       0x31 ./board/peripherals.o
                               0x2d48 (size before relaxing)
 .debug_str     0x00035d3d      0x1e1 ./board/pin_mux.o
                              0x308d6 (size before relaxing)
 .debug_str     0x00035f1e       0x4f ./CMSIS/system_MKL25Z4.o
                              0x2fbaf (size before relaxing)

.comment        0x00000000       0x7f
 .comment       0x00000000       0x7f ./utilities/fsl_debug_console.o
                                 0x80 (size before relaxing)
 .comment       0x0000007f       0x80 ./startup/startup_mkl25z4.o
 .comment       0x0000007f       0x80 ./source/CAFETERA FAST LINE.o
 .comment       0x0000007f       0x80 ./source/functions.o
 .comment       0x0000007f       0x80 ./source/mtb.o
 .comment       0x0000007f       0x80 ./source/semihost_hardfault.o
 .comment       0x0000007f       0x80 ./drivers/fsl_clock.o
 .comment       0x0000007f       0x80 ./drivers/fsl_lpsci.o
 .comment       0x0000007f       0x80 ./drivers/fsl_uart.o
 .comment       0x0000007f       0x80 ./board/board.o
 .comment       0x0000007f       0x80 ./board/clock_config.o
 .comment       0x0000007f       0x80 ./board/peripherals.o
 .comment       0x0000007f       0x80 ./board/pin_mux.o
 .comment       0x0000007f       0x80 ./CMSIS/system_MKL25Z4.o
 .comment       0x0000007f       0x80 d:/mcuxpressoide_10.3.1_2233/ide/plugins/com.nxp.mcuxpresso.tools.win32_10.3.0.201811011841/tools/bin/../lib/gcc/arm-none-eabi/7.3.1/../../../../arm-none-eabi/lib/thumb/v6-m\libcr_nohost_nf.a(_cr__main.o)
 .comment       0x0000007f       0x80 d:/mcuxpressoide_10.3.1_2233/ide/plugins/com.nxp.mcuxpresso.tools.win32_10.3.0.201811011841/tools/bin/../lib/gcc/arm-none-eabi/7.3.1/../../../../arm-none-eabi/lib/thumb/v6-m\libcr_nohost_nf.a(_cr_assert.o)
 .comment       0x0000007f       0x80 d:/mcuxpressoide_10.3.1_2233/ide/plugins/com.nxp.mcuxpresso.tools.win32_10.3.0.201811011841/tools/bin/../lib/gcc/arm-none-eabi/7.3.1/../../../../arm-none-eabi/lib/thumb/v6-m\libcr_nohost_nf.a(__ciob.o)
 .comment       0x0000007f       0x80 d:/mcuxpressoide_10.3.1_2233/ide/plugins/com.nxp.mcuxpresso.tools.win32_10.3.0.201811011841/tools/bin/../lib/gcc/arm-none-eabi/7.3.1/../../../../arm-none-eabi/lib/thumb/v6-m\libcr_nohost_nf.a(__sys_appexit.o)
 .comment       0x0000007f       0x80 d:/mcuxpressoide_10.3.1_2233/ide/plugins/com.nxp.mcuxpresso.tools.win32_10.3.0.201811011841/tools/bin/../lib/gcc/arm-none-eabi/7.3.1/../../../../arm-none-eabi/lib/thumb/v6-m\libcr_c.a(memset.o)
 .comment       0x0000007f       0x80 d:/mcuxpressoide_10.3.1_2233/ide/plugins/com.nxp.mcuxpresso.tools.win32_10.3.0.201811011841/tools/bin/../lib/gcc/arm-none-eabi/7.3.1/../../../../arm-none-eabi/lib/thumb/v6-m\libcr_c.a(_deferredlazyseek.o)
 .comment       0x0000007f       0x80 d:/mcuxpressoide_10.3.1_2233/ide/plugins/com.nxp.mcuxpresso.tools.win32_10.3.0.201811011841/tools/bin/../lib/gcc/arm-none-eabi/7.3.1/../../../../arm-none-eabi/lib/thumb/v6-m\libcr_c.a(_fflush.o)
 .comment       0x0000007f       0x80 d:/mcuxpressoide_10.3.1_2233/ide/plugins/com.nxp.mcuxpresso.tools.win32_10.3.0.201811011841/tools/bin/../lib/gcc/arm-none-eabi/7.3.1/../../../../arm-none-eabi/lib/thumb/v6-m\libcr_c.a(_writebuf.o)
 .comment       0x0000007f       0x80 d:/mcuxpressoide_10.3.1_2233/ide/plugins/com.nxp.mcuxpresso.tools.win32_10.3.0.201811011841/tools/bin/../lib/gcc/arm-none-eabi/7.3.1/../../../../arm-none-eabi/lib/thumb/v6-m\libcr_c.a(alloc.o)
 .comment       0x0000007f       0x80 d:/mcuxpressoide_10.3.1_2233/ide/plugins/com.nxp.mcuxpresso.tools.win32_10.3.0.201811011841/tools/bin/../lib/gcc/arm-none-eabi/7.3.1/../../../../arm-none-eabi/lib/thumb/v6-m\libcr_c.a(fputs.o)
 .comment       0x0000007f       0x80 d:/mcuxpressoide_10.3.1_2233/ide/plugins/com.nxp.mcuxpresso.tools.win32_10.3.0.201811011841/tools/bin/../lib/gcc/arm-none-eabi/7.3.1/../../../../arm-none-eabi/lib/thumb/v6-m\libcr_c.a(fseek.o)
 .comment       0x0000007f       0x80 d:/mcuxpressoide_10.3.1_2233/ide/plugins/com.nxp.mcuxpresso.tools.win32_10.3.0.201811011841/tools/bin/../lib/gcc/arm-none-eabi/7.3.1/../../../../arm-none-eabi/lib/thumb/v6-m\libcr_c.a(ftell.o)
 .comment       0x0000007f       0x80 d:/mcuxpressoide_10.3.1_2233/ide/plugins/com.nxp.mcuxpresso.tools.win32_10.3.0.201811011841/tools/bin/../lib/gcc/arm-none-eabi/7.3.1/../../../../arm-none-eabi/lib/thumb/v6-m\libcr_c.a(initio.o)
 .comment       0x0000007f       0x80 d:/mcuxpressoide_10.3.1_2233/ide/plugins/com.nxp.mcuxpresso.tools.win32_10.3.0.201811011841/tools/bin/../lib/gcc/arm-none-eabi/7.3.1/../../../../arm-none-eabi/lib/thumb/v6-m\libcr_c.a(printf.o)
 .comment       0x0000007f       0x80 d:/mcuxpressoide_10.3.1_2233/ide/plugins/com.nxp.mcuxpresso.tools.win32_10.3.0.201811011841/tools/bin/../lib/gcc/arm-none-eabi/7.3.1/../../../../arm-none-eabi/lib/thumb/v6-m\libcr_c.a(scanf.o)
 .comment       0x0000007f       0x80 d:/mcuxpressoide_10.3.1_2233/ide/plugins/com.nxp.mcuxpresso.tools.win32_10.3.0.201811011841/tools/bin/../lib/gcc/arm-none-eabi/7.3.1/../../../../arm-none-eabi/lib/thumb/v6-m\libcr_c.a(setvbuf.o)
 .comment       0x0000007f       0x80 d:/mcuxpressoide_10.3.1_2233/ide/plugins/com.nxp.mcuxpresso.tools.win32_10.3.0.201811011841/tools/bin/../lib/gcc/arm-none-eabi/7.3.1/../../../../arm-none-eabi/lib/thumb/v6-m\libcr_c.a(strlen.o)
 .comment       0x0000007f       0x80 d:/mcuxpressoide_10.3.1_2233/ide/plugins/com.nxp.mcuxpresso.tools.win32_10.3.0.201811011841/tools/bin/../lib/gcc/arm-none-eabi/7.3.1/../../../../arm-none-eabi/lib/thumb/v6-m\libcr_c.a(ungetc.o)
 .comment       0x0000007f       0x80 d:/mcuxpressoide_10.3.1_2233/ide/plugins/com.nxp.mcuxpresso.tools.win32_10.3.0.201811011841/tools/bin/../lib/gcc/arm-none-eabi/7.3.1/../../../../arm-none-eabi/lib/thumb/v6-m\libcr_c.a(__fillbuf.o)
 .comment       0x0000007f       0x80 d:/mcuxpressoide_10.3.1_2233/ide/plugins/com.nxp.mcuxpresso.tools.win32_10.3.0.201811011841/tools/bin/../lib/gcc/arm-none-eabi/7.3.1/../../../../arm-none-eabi/lib/thumb/v6-m\libcr_c.a(__init_alloc.o)
 .comment       0x0000007f       0x80 d:/mcuxpressoide_10.3.1_2233/ide/plugins/com.nxp.mcuxpresso.tools.win32_10.3.0.201811011841/tools/bin/../lib/gcc/arm-none-eabi/7.3.1/../../../../arm-none-eabi/lib/thumb/v6-m\libcr_c.a(_cr_sbrk.o)
 .comment       0x0000007f       0x80 d:/mcuxpressoide_10.3.1_2233/ide/plugins/com.nxp.mcuxpresso.tools.win32_10.3.0.201811011841/tools/bin/../lib/gcc/arm-none-eabi/7.3.1/../../../../arm-none-eabi/lib/thumb/v6-m\libcr_c.a(_fdopen.o)
 .comment       0x0000007f       0x80 d:/mcuxpressoide_10.3.1_2233/ide/plugins/com.nxp.mcuxpresso.tools.win32_10.3.0.201811011841/tools/bin/../lib/gcc/arm-none-eabi/7.3.1/../../../../arm-none-eabi/lib/thumb/v6-m\libcr_c.a(_frexpl.o)
 .comment       0x0000007f       0x80 d:/mcuxpressoide_10.3.1_2233/ide/plugins/com.nxp.mcuxpresso.tools.win32_10.3.0.201811011841/tools/bin/../lib/gcc/arm-none-eabi/7.3.1/../../../../arm-none-eabi/lib/thumb/v6-m\libcr_c.a(_hugeval.o)
 .comment       0x0000007f       0x80 d:/mcuxpressoide_10.3.1_2233/ide/plugins/com.nxp.mcuxpresso.tools.win32_10.3.0.201811011841/tools/bin/../lib/gcc/arm-none-eabi/7.3.1/../../../../arm-none-eabi/lib/thumb/v6-m\libcr_c.a(_ldexpl.o)
 .comment       0x0000007f       0x80 d:/mcuxpressoide_10.3.1_2233/ide/plugins/com.nxp.mcuxpresso.tools.win32_10.3.0.201811011841/tools/bin/../lib/gcc/arm-none-eabi/7.3.1/../../../../arm-none-eabi/lib/thumb/v6-m\libcr_c.a(ctype.o)
 .comment       0x0000007f       0x80 d:/mcuxpressoide_10.3.1_2233/ide/plugins/com.nxp.mcuxpresso.tools.win32_10.3.0.201811011841/tools/bin/../lib/gcc/arm-none-eabi/7.3.1/../../../../arm-none-eabi/lib/thumb/v6-m\libcr_c.a(errno.o)
 .comment       0x0000007f       0x80 d:/mcuxpressoide_10.3.1_2233/ide/plugins/com.nxp.mcuxpresso.tools.win32_10.3.0.201811011841/tools/bin/../lib/gcc/arm-none-eabi/7.3.1/../../../../arm-none-eabi/lib/thumb/v6-m\libcr_c.a(fclose.o)
 .comment       0x0000007f       0x80 d:/mcuxpressoide_10.3.1_2233/ide/plugins/com.nxp.mcuxpresso.tools.win32_10.3.0.201811011841/tools/bin/../lib/gcc/arm-none-eabi/7.3.1/../../../../arm-none-eabi/lib/thumb/v6-m\libcr_c.a(fflush.o)
 .comment       0x0000007f       0x80 d:/mcuxpressoide_10.3.1_2233/ide/plugins/com.nxp.mcuxpresso.tools.win32_10.3.0.201811011841/tools/bin/../lib/gcc/arm-none-eabi/7.3.1/../../../../arm-none-eabi/lib/thumb/v6-m\libcr_c.a(remove.o)
 .comment       0x0000007f       0x80 d:/mcuxpressoide_10.3.1_2233/ide/plugins/com.nxp.mcuxpresso.tools.win32_10.3.0.201811011841/tools/bin/../lib/gcc/arm-none-eabi/7.3.1/../../../../arm-none-eabi/lib/thumb/v6-m\libcr_c.a(_cr_check_heap.o)
 .comment       0x0000007f       0x80 d:/mcuxpressoide_10.3.1_2233/ide/plugins/com.nxp.mcuxpresso.tools.win32_10.3.0.201811011841/tools/bin/../lib/gcc/arm-none-eabi/7.3.1/../../../../arm-none-eabi/lib/thumb/v6-m\libcr_c.a(_do_fflush.o)
 .comment       0x0000007f       0x80 d:/mcuxpressoide_10.3.1_2233/ide/plugins/com.nxp.mcuxpresso.tools.win32_10.3.0.201811011841/tools/bin/../lib/gcc/arm-none-eabi/7.3.1/thumb/v6-m\libcr_eabihelpers.a(double.o)
 .comment       0x0000007f       0x80 d:/mcuxpressoide_10.3.1_2233/ide/plugins/com.nxp.mcuxpresso.tools.win32_10.3.0.201811011841/tools/bin/../lib/gcc/arm-none-eabi/7.3.1/../../../../arm-none-eabi/lib/thumb/v6-m\libcr_nohost_nf.a(__sys_close.o)
 .comment       0x0000007f       0x80 d:/mcuxpressoide_10.3.1_2233/ide/plugins/com.nxp.mcuxpresso.tools.win32_10.3.0.201811011841/tools/bin/../lib/gcc/arm-none-eabi/7.3.1/../../../../arm-none-eabi/lib/thumb/v6-m\libcr_nohost_nf.a(__sys_flen.o)
 .comment       0x0000007f       0x80 d:/mcuxpressoide_10.3.1_2233/ide/plugins/com.nxp.mcuxpresso.tools.win32_10.3.0.201811011841/tools/bin/../lib/gcc/arm-none-eabi/7.3.1/../../../../arm-none-eabi/lib/thumb/v6-m\libcr_nohost_nf.a(__sys_istty.o)
 .comment       0x0000007f       0x80 d:/mcuxpressoide_10.3.1_2233/ide/plugins/com.nxp.mcuxpresso.tools.win32_10.3.0.201811011841/tools/bin/../lib/gcc/arm-none-eabi/7.3.1/../../../../arm-none-eabi/lib/thumb/v6-m\libcr_nohost_nf.a(__sys_read.o)
 .comment       0x0000007f       0x80 d:/mcuxpressoide_10.3.1_2233/ide/plugins/com.nxp.mcuxpresso.tools.win32_10.3.0.201811011841/tools/bin/../lib/gcc/arm-none-eabi/7.3.1/../../../../arm-none-eabi/lib/thumb/v6-m\libcr_nohost_nf.a(__sys_remove.o)
 .comment       0x0000007f       0x80 d:/mcuxpressoide_10.3.1_2233/ide/plugins/com.nxp.mcuxpresso.tools.win32_10.3.0.201811011841/tools/bin/../lib/gcc/arm-none-eabi/7.3.1/../../../../arm-none-eabi/lib/thumb/v6-m\libcr_nohost_nf.a(__sys_seek.o)
 .comment       0x0000007f       0x80 d:/mcuxpressoide_10.3.1_2233/ide/plugins/com.nxp.mcuxpresso.tools.win32_10.3.0.201811011841/tools/bin/../lib/gcc/arm-none-eabi/7.3.1/../../../../arm-none-eabi/lib/thumb/v6-m\libcr_nohost_nf.a(__sys_tmpnam.o)

.ARM.attributes
                0x00000000       0x30
 .ARM.attributes
                0x00000000       0x32 ./utilities/fsl_debug_console.o
 .ARM.attributes
                0x00000032       0x32 ./startup/startup_mkl25z4.o
 .ARM.attributes
                0x00000064       0x32 ./source/CAFETERA FAST LINE.o
 .ARM.attributes
                0x00000096       0x32 ./source/functions.o
 .ARM.attributes
                0x000000c8       0x32 ./source/mtb.o
 .ARM.attributes
                0x000000fa       0x32 ./source/semihost_hardfault.o
 .ARM.attributes
                0x0000012c       0x32 ./drivers/fsl_clock.o
 .ARM.attributes
                0x0000015e       0x32 ./drivers/fsl_lpsci.o
 .ARM.attributes
                0x00000190       0x32 ./drivers/fsl_uart.o
 .ARM.attributes
                0x000001c2       0x32 ./board/board.o
 .ARM.attributes
                0x000001f4       0x32 ./board/clock_config.o
 .ARM.attributes
                0x00000226       0x32 ./board/peripherals.o
 .ARM.attributes
                0x00000258       0x32 ./board/pin_mux.o
 .ARM.attributes
                0x0000028a       0x32 ./CMSIS/system_MKL25Z4.o
 .ARM.attributes
                0x000002bc       0x31 d:/mcuxpressoide_10.3.1_2233/ide/plugins/com.nxp.mcuxpresso.tools.win32_10.3.0.201811011841/tools/bin/../lib/gcc/arm-none-eabi/7.3.1/../../../../arm-none-eabi/lib/thumb/v6-m\libcr_nohost_nf.a(_cr__main.o)
 .ARM.attributes
                0x000002ed       0x31 d:/mcuxpressoide_10.3.1_2233/ide/plugins/com.nxp.mcuxpresso.tools.win32_10.3.0.201811011841/tools/bin/../lib/gcc/arm-none-eabi/7.3.1/../../../../arm-none-eabi/lib/thumb/v6-m\libcr_nohost_nf.a(_cr_assert.o)
 .ARM.attributes
                0x0000031e       0x31 d:/mcuxpressoide_10.3.1_2233/ide/plugins/com.nxp.mcuxpresso.tools.win32_10.3.0.201811011841/tools/bin/../lib/gcc/arm-none-eabi/7.3.1/../../../../arm-none-eabi/lib/thumb/v6-m\libcr_nohost_nf.a(__ciob.o)
 .ARM.attributes
                0x0000034f       0x31 d:/mcuxpressoide_10.3.1_2233/ide/plugins/com.nxp.mcuxpresso.tools.win32_10.3.0.201811011841/tools/bin/../lib/gcc/arm-none-eabi/7.3.1/../../../../arm-none-eabi/lib/thumb/v6-m\libcr_nohost_nf.a(__sys_appexit.o)
 .ARM.attributes
                0x00000380       0x31 d:/mcuxpressoide_10.3.1_2233/ide/plugins/com.nxp.mcuxpresso.tools.win32_10.3.0.201811011841/tools/bin/../lib/gcc/arm-none-eabi/7.3.1/../../../../arm-none-eabi/lib/thumb/v6-m\libcr_c.a(memset.o)
 .ARM.attributes
                0x000003b1       0x31 d:/mcuxpressoide_10.3.1_2233/ide/plugins/com.nxp.mcuxpresso.tools.win32_10.3.0.201811011841/tools/bin/../lib/gcc/arm-none-eabi/7.3.1/../../../../arm-none-eabi/lib/thumb/v6-m\libcr_c.a(_deferredlazyseek.o)
 .ARM.attributes
                0x000003e2       0x31 d:/mcuxpressoide_10.3.1_2233/ide/plugins/com.nxp.mcuxpresso.tools.win32_10.3.0.201811011841/tools/bin/../lib/gcc/arm-none-eabi/7.3.1/../../../../arm-none-eabi/lib/thumb/v6-m\libcr_c.a(_fflush.o)
 .ARM.attributes
                0x00000413       0x31 d:/mcuxpressoide_10.3.1_2233/ide/plugins/com.nxp.mcuxpresso.tools.win32_10.3.0.201811011841/tools/bin/../lib/gcc/arm-none-eabi/7.3.1/../../../../arm-none-eabi/lib/thumb/v6-m\libcr_c.a(_writebuf.o)
 .ARM.attributes
                0x00000444       0x31 d:/mcuxpressoide_10.3.1_2233/ide/plugins/com.nxp.mcuxpresso.tools.win32_10.3.0.201811011841/tools/bin/../lib/gcc/arm-none-eabi/7.3.1/../../../../arm-none-eabi/lib/thumb/v6-m\libcr_c.a(alloc.o)
 .ARM.attributes
                0x00000475       0x31 d:/mcuxpressoide_10.3.1_2233/ide/plugins/com.nxp.mcuxpresso.tools.win32_10.3.0.201811011841/tools/bin/../lib/gcc/arm-none-eabi/7.3.1/../../../../arm-none-eabi/lib/thumb/v6-m\libcr_c.a(fputs.o)
 .ARM.attributes
                0x000004a6       0x31 d:/mcuxpressoide_10.3.1_2233/ide/plugins/com.nxp.mcuxpresso.tools.win32_10.3.0.201811011841/tools/bin/../lib/gcc/arm-none-eabi/7.3.1/../../../../arm-none-eabi/lib/thumb/v6-m\libcr_c.a(fseek.o)
 .ARM.attributes
                0x000004d7       0x31 d:/mcuxpressoide_10.3.1_2233/ide/plugins/com.nxp.mcuxpresso.tools.win32_10.3.0.201811011841/tools/bin/../lib/gcc/arm-none-eabi/7.3.1/../../../../arm-none-eabi/lib/thumb/v6-m\libcr_c.a(ftell.o)
 .ARM.attributes
                0x00000508       0x31 d:/mcuxpressoide_10.3.1_2233/ide/plugins/com.nxp.mcuxpresso.tools.win32_10.3.0.201811011841/tools/bin/../lib/gcc/arm-none-eabi/7.3.1/../../../../arm-none-eabi/lib/thumb/v6-m\libcr_c.a(initio.o)
 .ARM.attributes
                0x00000539       0x31 d:/mcuxpressoide_10.3.1_2233/ide/plugins/com.nxp.mcuxpresso.tools.win32_10.3.0.201811011841/tools/bin/../lib/gcc/arm-none-eabi/7.3.1/../../../../arm-none-eabi/lib/thumb/v6-m\libcr_c.a(printf.o)
 .ARM.attributes
                0x0000056a       0x31 d:/mcuxpressoide_10.3.1_2233/ide/plugins/com.nxp.mcuxpresso.tools.win32_10.3.0.201811011841/tools/bin/../lib/gcc/arm-none-eabi/7.3.1/../../../../arm-none-eabi/lib/thumb/v6-m\libcr_c.a(scanf.o)
 .ARM.attributes
                0x0000059b       0x31 d:/mcuxpressoide_10.3.1_2233/ide/plugins/com.nxp.mcuxpresso.tools.win32_10.3.0.201811011841/tools/bin/../lib/gcc/arm-none-eabi/7.3.1/../../../../arm-none-eabi/lib/thumb/v6-m\libcr_c.a(setvbuf.o)
 .ARM.attributes
                0x000005cc       0x31 d:/mcuxpressoide_10.3.1_2233/ide/plugins/com.nxp.mcuxpresso.tools.win32_10.3.0.201811011841/tools/bin/../lib/gcc/arm-none-eabi/7.3.1/../../../../arm-none-eabi/lib/thumb/v6-m\libcr_c.a(strlen.o)
 .ARM.attributes
                0x000005fd       0x31 d:/mcuxpressoide_10.3.1_2233/ide/plugins/com.nxp.mcuxpresso.tools.win32_10.3.0.201811011841/tools/bin/../lib/gcc/arm-none-eabi/7.3.1/../../../../arm-none-eabi/lib/thumb/v6-m\libcr_c.a(ungetc.o)
 .ARM.attributes
                0x0000062e       0x31 d:/mcuxpressoide_10.3.1_2233/ide/plugins/com.nxp.mcuxpresso.tools.win32_10.3.0.201811011841/tools/bin/../lib/gcc/arm-none-eabi/7.3.1/../../../../arm-none-eabi/lib/thumb/v6-m\libcr_c.a(__fillbuf.o)
 .ARM.attributes
                0x0000065f       0x31 d:/mcuxpressoide_10.3.1_2233/ide/plugins/com.nxp.mcuxpresso.tools.win32_10.3.0.201811011841/tools/bin/../lib/gcc/arm-none-eabi/7.3.1/../../../../arm-none-eabi/lib/thumb/v6-m\libcr_c.a(__init_alloc.o)
 .ARM.attributes
                0x00000690       0x31 d:/mcuxpressoide_10.3.1_2233/ide/plugins/com.nxp.mcuxpresso.tools.win32_10.3.0.201811011841/tools/bin/../lib/gcc/arm-none-eabi/7.3.1/../../../../arm-none-eabi/lib/thumb/v6-m\libcr_c.a(_cr_sbrk.o)
 .ARM.attributes
                0x000006c1       0x31 d:/mcuxpressoide_10.3.1_2233/ide/plugins/com.nxp.mcuxpresso.tools.win32_10.3.0.201811011841/tools/bin/../lib/gcc/arm-none-eabi/7.3.1/../../../../arm-none-eabi/lib/thumb/v6-m\libcr_c.a(_fdopen.o)
 .ARM.attributes
                0x000006f2       0x31 d:/mcuxpressoide_10.3.1_2233/ide/plugins/com.nxp.mcuxpresso.tools.win32_10.3.0.201811011841/tools/bin/../lib/gcc/arm-none-eabi/7.3.1/../../../../arm-none-eabi/lib/thumb/v6-m\libcr_c.a(_frexpl.o)
 .ARM.attributes
                0x00000723       0x31 d:/mcuxpressoide_10.3.1_2233/ide/plugins/com.nxp.mcuxpresso.tools.win32_10.3.0.201811011841/tools/bin/../lib/gcc/arm-none-eabi/7.3.1/../../../../arm-none-eabi/lib/thumb/v6-m\libcr_c.a(_hugeval.o)
 .ARM.attributes
                0x00000754       0x31 d:/mcuxpressoide_10.3.1_2233/ide/plugins/com.nxp.mcuxpresso.tools.win32_10.3.0.201811011841/tools/bin/../lib/gcc/arm-none-eabi/7.3.1/../../../../arm-none-eabi/lib/thumb/v6-m\libcr_c.a(_ldexpl.o)
 .ARM.attributes
                0x00000785       0x31 d:/mcuxpressoide_10.3.1_2233/ide/plugins/com.nxp.mcuxpresso.tools.win32_10.3.0.201811011841/tools/bin/../lib/gcc/arm-none-eabi/7.3.1/../../../../arm-none-eabi/lib/thumb/v6-m\libcr_c.a(ctype.o)
 .ARM.attributes
                0x000007b6       0x31 d:/mcuxpressoide_10.3.1_2233/ide/plugins/com.nxp.mcuxpresso.tools.win32_10.3.0.201811011841/tools/bin/../lib/gcc/arm-none-eabi/7.3.1/../../../../arm-none-eabi/lib/thumb/v6-m\libcr_c.a(errno.o)
 .ARM.attributes
                0x000007e7       0x31 d:/mcuxpressoide_10.3.1_2233/ide/plugins/com.nxp.mcuxpresso.tools.win32_10.3.0.201811011841/tools/bin/../lib/gcc/arm-none-eabi/7.3.1/../../../../arm-none-eabi/lib/thumb/v6-m\libcr_c.a(fclose.o)
 .ARM.attributes
                0x00000818       0x31 d:/mcuxpressoide_10.3.1_2233/ide/plugins/com.nxp.mcuxpresso.tools.win32_10.3.0.201811011841/tools/bin/../lib/gcc/arm-none-eabi/7.3.1/../../../../arm-none-eabi/lib/thumb/v6-m\libcr_c.a(fflush.o)
 .ARM.attributes
                0x00000849       0x31 d:/mcuxpressoide_10.3.1_2233/ide/plugins/com.nxp.mcuxpresso.tools.win32_10.3.0.201811011841/tools/bin/../lib/gcc/arm-none-eabi/7.3.1/../../../../arm-none-eabi/lib/thumb/v6-m\libcr_c.a(remove.o)
 .ARM.attributes
                0x0000087a       0x31 d:/mcuxpressoide_10.3.1_2233/ide/plugins/com.nxp.mcuxpresso.tools.win32_10.3.0.201811011841/tools/bin/../lib/gcc/arm-none-eabi/7.3.1/../../../../arm-none-eabi/lib/thumb/v6-m\libcr_c.a(_cr_check_heap.o)
 .ARM.attributes
                0x000008ab       0x31 d:/mcuxpressoide_10.3.1_2233/ide/plugins/com.nxp.mcuxpresso.tools.win32_10.3.0.201811011841/tools/bin/../lib/gcc/arm-none-eabi/7.3.1/../../../../arm-none-eabi/lib/thumb/v6-m\libcr_c.a(_do_fflush.o)
 .ARM.attributes
                0x000008dc       0x21 d:/mcuxpressoide_10.3.1_2233/ide/plugins/com.nxp.mcuxpresso.tools.win32_10.3.0.201811011841/tools/bin/../lib/gcc/arm-none-eabi/7.3.1/thumb/v6-m\libcr_eabihelpers.a(division_32.o)
 .ARM.attributes
                0x000008fd       0x21 d:/mcuxpressoide_10.3.1_2233/ide/plugins/com.nxp.mcuxpresso.tools.win32_10.3.0.201811011841/tools/bin/../lib/gcc/arm-none-eabi/7.3.1/thumb/v6-m\libcr_eabihelpers.a(division_idiv0.o)
 .ARM.attributes
                0x0000091e       0x31 d:/mcuxpressoide_10.3.1_2233/ide/plugins/com.nxp.mcuxpresso.tools.win32_10.3.0.201811011841/tools/bin/../lib/gcc/arm-none-eabi/7.3.1/thumb/v6-m\libcr_eabihelpers.a(double.o)
 .ARM.attributes
                0x0000094f       0x21 d:/mcuxpressoide_10.3.1_2233/ide/plugins/com.nxp.mcuxpresso.tools.win32_10.3.0.201811011841/tools/bin/../lib/gcc/arm-none-eabi/7.3.1/thumb/v6-m\libcr_eabihelpers.a(llong.o)
 .ARM.attributes
                0x00000970       0x21 d:/mcuxpressoide_10.3.1_2233/ide/plugins/com.nxp.mcuxpresso.tools.win32_10.3.0.201811011841/tools/bin/../lib/gcc/arm-none-eabi/7.3.1/thumb/v6-m\libcr_eabihelpers.a(memcpy.o)
 .ARM.attributes
                0x00000991       0x31 d:/mcuxpressoide_10.3.1_2233/ide/plugins/com.nxp.mcuxpresso.tools.win32_10.3.0.201811011841/tools/bin/../lib/gcc/arm-none-eabi/7.3.1/../../../../arm-none-eabi/lib/thumb/v6-m\libcr_nohost_nf.a(__sys_close.o)
 .ARM.attributes
                0x000009c2       0x31 d:/mcuxpressoide_10.3.1_2233/ide/plugins/com.nxp.mcuxpresso.tools.win32_10.3.0.201811011841/tools/bin/../lib/gcc/arm-none-eabi/7.3.1/../../../../arm-none-eabi/lib/thumb/v6-m\libcr_nohost_nf.a(__sys_flen.o)
 .ARM.attributes
                0x000009f3       0x31 d:/mcuxpressoide_10.3.1_2233/ide/plugins/com.nxp.mcuxpresso.tools.win32_10.3.0.201811011841/tools/bin/../lib/gcc/arm-none-eabi/7.3.1/../../../../arm-none-eabi/lib/thumb/v6-m\libcr_nohost_nf.a(__sys_istty.o)
 .ARM.attributes
                0x00000a24       0x31 d:/mcuxpressoide_10.3.1_2233/ide/plugins/com.nxp.mcuxpresso.tools.win32_10.3.0.201811011841/tools/bin/../lib/gcc/arm-none-eabi/7.3.1/../../../../arm-none-eabi/lib/thumb/v6-m\libcr_nohost_nf.a(__sys_read.o)
 .ARM.attributes
                0x00000a55       0x31 d:/mcuxpressoide_10.3.1_2233/ide/plugins/com.nxp.mcuxpresso.tools.win32_10.3.0.201811011841/tools/bin/../lib/gcc/arm-none-eabi/7.3.1/../../../../arm-none-eabi/lib/thumb/v6-m\libcr_nohost_nf.a(__sys_remove.o)
 .ARM.attributes
                0x00000a86       0x31 d:/mcuxpressoide_10.3.1_2233/ide/plugins/com.nxp.mcuxpresso.tools.win32_10.3.0.201811011841/tools/bin/../lib/gcc/arm-none-eabi/7.3.1/../../../../arm-none-eabi/lib/thumb/v6-m\libcr_nohost_nf.a(__sys_seek.o)
 .ARM.attributes
                0x00000ab7       0x31 d:/mcuxpressoide_10.3.1_2233/ide/plugins/com.nxp.mcuxpresso.tools.win32_10.3.0.201811011841/tools/bin/../lib/gcc/arm-none-eabi/7.3.1/../../../../arm-none-eabi/lib/thumb/v6-m\libcr_nohost_nf.a(__sys_tmpnam.o)

.debug_frame    0x00000000     0x1918
 .debug_frame   0x00000000      0x10c ./utilities/fsl_debug_console.o
 .debug_frame   0x0000010c      0x3b0 ./startup/startup_mkl25z4.o
 .debug_frame   0x000004bc       0x48 ./source/CAFETERA FAST LINE.o
 .debug_frame   0x00000504      0x244 ./source/functions.o
 .debug_frame   0x00000748       0x20 ./source/semihost_hardfault.o
 .debug_frame   0x00000768      0x6e0 ./drivers/fsl_clock.o
 .debug_frame   0x00000e48      0x418 ./drivers/fsl_lpsci.o
 .debug_frame   0x00001260      0x468 ./drivers/fsl_uart.o
 .debug_frame   0x000016c8       0x50 ./board/board.o
 .debug_frame   0x00001718      0x100 ./board/clock_config.o
 .debug_frame   0x00001818       0x2c ./board/peripherals.o
 .debug_frame   0x00001844       0x88 ./board/pin_mux.o
 .debug_frame   0x000018cc       0x4c ./CMSIS/system_MKL25Z4.o
